Archive member included to satisfy reference by file (symbol)

C:\devkitPro/libnx/lib\libnx.a(applet.o)
                              main.o (appletMainLoop)
C:\devkitPro/libnx/lib\libnx.a(hosversion.o)
                              C:\devkitPro/libnx/lib\libnx.a(applet.o) (hosversionGet)
C:\devkitPro/libnx/lib\libnx.a(env.o)
                              C:\devkitPro/libnx/lib\libnx.a(applet.o) (envIsNso)
C:\devkitPro/libnx/lib\libnx.a(pad.o)
                              main.o (padConfigureInput)
C:\devkitPro/libnx/lib\libnx.a(diag.o)
                              C:\devkitPro/libnx/lib\libnx.a(applet.o) (diagAbortWithResult)
C:\devkitPro/libnx/lib\libnx.a(console.o)
                              main.o (consoleInit)
C:\devkitPro/libnx/lib\libnx.a(console_sw.o)
                              C:\devkitPro/libnx/lib\libnx.a(console.o) (getDefaultConsoleRenderer)
C:\devkitPro/libnx/lib\libnx.a(svc.o)
                              C:\devkitPro/libnx/lib\libnx.a(applet.o) (svcExitProcess)
C:\devkitPro/libnx/lib\libnx.a(switch_crt0.o)
                              (_start)
C:\devkitPro/libnx/lib\libnx.a(default_font.bin.o)
                              C:\devkitPro/libnx/lib\libnx.a(console.o) (default_font_bin)
C:\devkitPro/libnx/lib\libnx.a(wait.o)
                              C:\devkitPro/libnx/lib\libnx.a(applet.o) (waitObjects)
C:\devkitPro/libnx/lib\libnx.a(tmem.o)
                              C:\devkitPro/libnx/lib\libnx.a(applet.o) (tmemCreate)
C:\devkitPro/libnx/lib\libnx.a(mutex.o)
                              C:\devkitPro/libnx/lib\libnx.a(applet.o) (mutexLock)
C:\devkitPro/libnx/lib\libnx.a(virtmem.o)
                              C:\devkitPro/libnx/lib\libnx.a(tmem.o) (virtmemLock)
C:\devkitPro/libnx/lib\libnx.a(event.o)
                              C:\devkitPro/libnx/lib\libnx.a(applet.o) (eventLoadRemote)
C:\devkitPro/libnx/lib\libnx.a(random.o)
                              C:\devkitPro/libnx/lib\libnx.a(virtmem.o) (randomGet64)
C:\devkitPro/libnx/lib\libnx.a(apm.o)
                              C:\devkitPro/libnx/lib\libnx.a(applet.o) (apmInitialize)
C:\devkitPro/libnx/lib\libnx.a(sm.o)
                              C:\devkitPro/libnx/lib\libnx.a(env.o) (smAddOverrideHandle)
C:\devkitPro/libnx/lib\libnx.a(hid.o)
                              C:\devkitPro/libnx/lib\libnx.a(pad.o) (hidGetNpadStyleSet)
C:\devkitPro/libnx/lib\libnx.a(framebuffer.o)
                              C:\devkitPro/libnx/lib\libnx.a(console_sw.o) (framebufferMakeLinear)
C:\devkitPro/libnx/lib\libnx.a(default_window.o)
                              C:\devkitPro/libnx/lib\libnx.a(console_sw.o) (nwindowGetDefault)
C:\devkitPro/libnx/lib\libnx.a(native_window.o)
                              C:\devkitPro/libnx/lib\libnx.a(framebuffer.o) (nwindowIsValid)
C:\devkitPro/libnx/lib\libnx.a(dynamic.o)
                              C:\devkitPro/libnx/lib\libnx.a(switch_crt0.o) (__nx_dynamic)
C:\devkitPro/libnx/lib\libnx.a(init.o)
                              C:\devkitPro/libnx/lib\libnx.a(switch_crt0.o) (__libnx_init)
C:\devkitPro/libnx/lib\libnx.a(alloc.o)
                              C:\devkitPro/libnx/lib\libnx.a(virtmem.o) (__libnx_alloc)
C:\devkitPro/libnx/lib\libnx.a(newlib.o)
                              C:\devkitPro/libnx/lib\libnx.a(init.o) (__libnx_init_time)
C:\devkitPro/libnx/lib\libnx.a(argv.o)
                              C:\devkitPro/libnx/lib\libnx.a(init.o) (argvSetup)
C:\devkitPro/libnx/lib\libnx.a(fs_dev.o)
                              C:\devkitPro/libnx/lib\libnx.a(init.o) (fsdevMountSdmc)
C:\devkitPro/libnx/lib\libnx.a(decode_utf8.o)
                              C:\devkitPro/libnx/lib\libnx.a(fs_dev.o) (decode_utf8)
C:\devkitPro/libnx/lib\libnx.a(cache.o)
                              C:\devkitPro/libnx/lib\libnx.a(framebuffer.o) (armDCacheFlush)
C:\devkitPro/libnx/lib\libnx.a(exception.o)
                              C:\devkitPro/libnx/lib\libnx.a(switch_crt0.o) (__libnx_exception_entry)
C:\devkitPro/libnx/lib\libnx.a(readtp.o)
                              C:\devkitPro/libnx/lib\libnx.a(fs_dev.o) (__aarch64_read_tp)
C:\devkitPro/libnx/lib\libnx.a(shmem.o)
                              C:\devkitPro/libnx/lib\libnx.a(hid.o) (shmemLoadRemote)
C:\devkitPro/libnx/lib\libnx.a(condvar.o)
                              C:\devkitPro/libnx/lib\libnx.a(newlib.o) (condvarWaitTimeout)
C:\devkitPro/libnx/lib\libnx.a(thread.o)
                              C:\devkitPro/libnx/lib\libnx.a(init.o) (__libnx_init_thread)
C:\devkitPro/libnx/lib\libnx.a(vi.o)
                              C:\devkitPro/libnx/lib\libnx.a(default_window.o) (viInitialize)
C:\devkitPro/libnx/lib\libnx.a(set.o)
                              C:\devkitPro/libnx/lib\libnx.a(init.o) (setsysInitialize)
C:\devkitPro/libnx/lib\libnx.a(fs.o)
                              C:\devkitPro/libnx/lib\libnx.a(init.o) (fsInitialize)
C:\devkitPro/libnx/lib\libnx.a(nv.o)
[...]
Memory Configuration

Name             Origin             Length             Attributes
*default*        0x0000000000000000 0xffffffffffffffff

Linker script and memory map

                0x0000000000000000                PROVIDE (__start__ = 0x0)
                0x0000000000000000                . = __start__
                0x0000000000000000                __code_start = .

.text           0x0000000000000000    0x26ab0
 *(.crt0)
 .crt0          0x0000000000000000      0x140 C:\devkitPro/libnx/lib\libnx.a(switch_crt0.o)
                0x0000000000000000                _start
                0x0000000000000108                __nx_exit
                0x0000000000000118                __nx_mod0
 *(.text.unlikely .text.*_unlikely .text.unlikely.*)
 *(.text.exit .text.exit.*)
 .text.exit     0x0000000000000140       0x38 c:/devkitpro/devkita64/bin/../lib/gcc/aarch64-none-elf/12.1.0/../../../../aarch64-none-elf/lib/pic\libg.a(lib_a-exit.o)
                0x0000000000000140                exit
 *(.text.startup .text.startup.*)
 *fill*         0x0000000000000178        0x8 
 .text.startup.main
                0x0000000000000180       0x84 main.o
                0x0000000000000180                main
 *(.text.hot .text.hot.*)
 *(.text .stub .text.* .gnu.linkonce.t.*)
 *fill*         0x0000000000000204        0xc 
 .text.__do_global_dtors_aux
                0x0000000000000210       0x44 c:/devkitpro/devkita64/bin/../lib/gcc/aarch64-none-elf/12.1.0/pic/crtbegin.o
 *fill*         0x0000000000000254        0xc 
 .text.frame_dummy
                0x0000000000000260       0x24 c:/devkitpro/devkita64/bin/../lib/gcc/aarch64-none-elf/12.1.0/pic/crtbegin.o
 *fill*         0x0000000000000284        0xc 
 .text._appletInfiniteSleepLoop
                0x0000000000000290       0x24 C:\devkitPro/libnx/lib\libnx.a(applet.o)
 *fill*         0x00000000000002b4        0xc 
 .text._appletCmdGetSession
                0x00000000000002c0      0x108 C:\devkitPro/libnx/lib\libnx.a(applet.o)
 *fill*         0x00000000000003c8        0x8 
 .text._appletCmdInU8NoOut
                0x00000000000003d0       0xcc C:\devkitPro/libnx/lib\libnx.a(applet.o)
 *fill*         0x000000000000049c        0x4 
 .text._appletGetLaunchReason
                0x00000000000004a0      0x104 C:\devkitPro/libnx/lib\libnx.a(applet.o)
 *fill*         0x00000000000005a4        0xc 
 .text._appletSetFocusHandlingMode
                0x00000000000005b0       0xe4 C:\devkitPro/libnx/lib\libnx.a(applet.o)
 *fill*         0x0000000000000694        0xc 
 .text._appletCmdInU32NoOut
                0x00000000000006a0       0xcc C:\devkitPro/libnx/lib\libnx.a(applet.o)
 *fill*         0x000000000000076c        0x4 
 .text._appletGetSessionProxy.constprop.0
                0x0000000000000770      0x138 C:\devkitPro/libnx/lib\libnx.a(applet.o)
 *fill*         0x00000000000008a8        0x8 
 .text._appletOpenLibraryAppletProxy.constprop.0
                0x00000000000008b0      0x154 C:\devkitPro/libnx/lib\libnx.a(applet.o)
 *fill*         0x0000000000000a04        0xc 
 .text._appletCmdGetHandle.constprop.0.isra.0
                0x0000000000000a10       0xd0 C:\devkitPro/libnx/lib\libnx.a(applet.o)
 .text._appletCmdNoInOutU8.isra.0
                0x0000000000000ae0       0xd4 C:\devkitPro/libnx/lib\libnx.a(applet.o)
 *fill*         0x0000000000000bb4        0xc 
 .text._appletCmdNoInOutU32.isra.0
                0x0000000000000bc0       0xd4 C:\devkitPro/libnx/lib\libnx.a(applet.o)
 *fill*         0x0000000000000c94        0xc 
 .text._appletCmdNoInOutU64.isra.0
                0x0000000000000ca0       0xd4 C:\devkitPro/libnx/lib\libnx.a(applet.o)
 *fill*         0x0000000000000d74        0xc 
 .text._appletCmdNoIO.isra.0
                0x0000000000000d80       0xc0 C:\devkitPro/libnx/lib\libnx.a(applet.o)
 .text.appletGetAppletType
                0x0000000000000e40       0x10 C:\devkitPro/libnx/lib\libnx.a(applet.o)
                0x0000000000000e40                appletGetAppletType
 .text.appletSetFocusHandlingMode
                0x0000000000000e50      0x110 C:\devkitPro/libnx/lib\libnx.a(applet.o)
                0x0000000000000e50                appletSetFocusHandlingMode
 .text.appletSetCpuBoostMode
                0x0000000000000f60       0x5c C:\devkitPro/libnx/lib\libnx.a(applet.o)
                0x0000000000000f60                appletSetCpuBoostMode
 *fill*         0x0000000000000fbc        0x4 
 .text.appletCreateManagedDisplayLayer
                0x0000000000000fc0       0x2c C:\devkitPro/libnx/lib\libnx.a(applet.o)
                0x0000000000000fc0                appletCreateManagedDisplayLayer
 *fill*         0x0000000000000fec        0x4 
 .text.appletGetAppletResourceUserId
                0x0000000000000ff0        0xc C:\devkitPro/libnx/lib\libnx.a(applet.o)
                0x0000000000000ff0                appletGetAppletResourceUserId
 *fill*         0x0000000000000ffc        0x4 
 .text._appletGetIndirectLayerConsumerHandle
                0x0000000000001000       0xf8 C:\devkitPro/libnx/lib\libnx.a(applet.o)
 *fill*         0x00000000000010f8        0x8 
 .text._appletHolderCreateState
                0x0000000000001100       0x88 C:\devkitPro/libnx/lib\libnx.a(applet.o)
 *fill*         0x0000000000001188        0x8 
 .text.appletHolderClose
                0x0000000000001190       0xac C:\devkitPro/libnx/lib\libnx.a(applet.o)
                0x0000000000001190                appletHolderClose
 *fill*         0x000000000000123c        0x4 
 .text.appletHolderGetLibraryAppletInfo
                0x0000000000001240       0x24 C:\devkitPro/libnx/lib\libnx.a(applet.o)
                0x0000000000001240                appletHolderGetLibraryAppletInfo
 *fill*         0x0000000000001264        0xc 
 .text.appletNotifyRunning
                0x0000000000001270       0x90 C:\devkitPro/libnx/lib\libnx.a(applet.o)
                0x0000000000001270                appletNotifyRunning
 .text.appletSetGamePlayRecordingState
                0x0000000000001300       0x8c C:\devkitPro/libnx/lib\libnx.a(applet.o)
                0x0000000000001300                appletSetGamePlayRecordingState
 *fill*         0x000000000000138c        0x4 
 .text._appletCleanup
                0x0000000000001390      0xaa0 C:\devkitPro/libnx/lib\libnx.a(applet.o)
 .text.appletExit
                0x0000000000001e30       0x44 C:\devkitPro/libnx/lib\libnx.a(applet.o)
                0x0000000000001e30                appletExit
 *fill*         0x0000000000001e74        0xc 
 .text.appletGetLibraryAppletInfo
                0x0000000000001e80       0x40 C:\devkitPro/libnx/lib\libnx.a(applet.o)
                0x0000000000001e80                appletGetLibraryAppletInfo
 .text.appletInitialize
                0x0000000000001ec0      0x9d0 C:\devkitPro/libnx/lib\libnx.a(applet.o)
                0x0000000000001ec0                appletInitialize
 .text._appletExitProcess
                0x0000000000002890       0x24 C:\devkitPro/libnx/lib\libnx.a(applet.o)
 *fill*         0x00000000000028b4        0xc 
 .text.appletGetMessage
                0x00000000000028c0       0x74 C:\devkitPro/libnx/lib\libnx.a(applet.o)
                0x00000000000028c0                appletGetMessage
 *fill*         0x0000000000002934        0xc 
 .text.appletProcessMessage
                0x0000000000002940      0x25c C:\devkitPro/libnx/lib\libnx.a(applet.o)
                0x0000000000002940                appletProcessMessage
 *fill*         0x0000000000002b9c        0x4 
 .text.appletMainLoop
                0x0000000000002ba0       0x34 C:\devkitPro/libnx/lib\libnx.a(applet.o)
                0x0000000000002ba0                appletMainLoop
 *fill*         0x0000000000002bd4        0xc 
 .text.hosversionGet
                0x0000000000002be0       0x14 C:\devkitPro/libnx/lib\libnx.a(hosversion.o)
                0x0000000000002be0                hosversionGet
 *fill*         0x0000000000002bf4        0xc 
 .text.hosversionSet
                0x0000000000002c00       0x10 C:\devkitPro/libnx/lib\libnx.a(hosversion.o)
                0x0000000000002c00                hosversionSet
 .text.envSetup
                0x0000000000002c10      0x1f8 C:\devkitPro/libnx/lib\libnx.a(env.o)
                0x0000000000002c10                envSetup
 *fill*         0x0000000000002e08        0x8 
 .text.envGetMainThreadHandle
                0x0000000000002e10       0x20 C:\devkitPro/libnx/lib\libnx.a(env.o)
                0x0000000000002e10                envGetMainThreadHandle
 .text.envIsNso
                0x0000000000002e30        0xc C:\devkitPro/libnx/lib\libnx.a(env.o)
                0x0000000000002e30                envIsNso
 *fill*         0x0000000000002e3c        0x4 
 .text.envHasHeapOverride
                0x0000000000002e40       0x14 C:\devkitPro/libnx/lib\libnx.a(env.o)
                0x0000000000002e40                envHasHeapOverride
 *fill*         0x0000000000002e54        0xc 
 .text.envGetHeapOverrideAddr
                0x0000000000002e60        0xc C:\devkitPro/libnx/lib\libnx.a(env.o)
                0x0000000000002e60                envGetHeapOverrideAddr
 *fill*         0x0000000000002e6c        0x4 
 .text.envGetHeapOverrideSize
                0x0000000000002e70        0xc C:\devkitPro/libnx/lib\libnx.a(env.o)
                0x0000000000002e70                envGetHeapOverrideSize
 *fill*         0x0000000000002e7c        0x4 
 .text.envHasArgv
                0x0000000000002e80       0x14 C:\devkitPro/libnx/lib\libnx.a(env.o)
                0x0000000000002e80                envHasArgv
 *fill*         0x0000000000002e94        0xc 
 .text.envGetArgv
                0x0000000000002ea0        0xc C:\devkitPro/libnx/lib\libnx.a(env.o)
                0x0000000000002ea0                envGetArgv
 *fill*         0x0000000000002eac        0x4 
 .text.envGetExitFuncPtr
                0x0000000000002eb0        0xc C:\devkitPro/libnx/lib\libnx.a(env.o)
                0x0000000000002eb0                envGetExitFuncPtr
 *fill*         0x0000000000002ebc        0x4 
 .text.envSetExitFuncPtr
                0x0000000000002ec0        0xc C:\devkitPro/libnx/lib\libnx.a(env.o)
                0x0000000000002ec0                envSetExitFuncPtr
 *fill*         0x0000000000002ecc        0x4 
 .text.envHasRandomSeed
                0x0000000000002ed0        0xc C:\devkitPro/libnx/lib\libnx.a(env.o)
                0x0000000000002ed0                envHasRandomSeed
 *fill*         0x0000000000002edc        0x4 
 .text.envGetRandomSeed
                0x0000000000002ee0       0x10 C:\devkitPro/libnx/lib\libnx.a(env.o)
                0x0000000000002ee0                envGetRandomSeed
 .text._padUpdateWithCommonState
                0x0000000000002ef0       0x5c C:\devkitPro/libnx/lib\libnx.a(pad.o)
 *fill*         0x0000000000002f4c        0x4 
 .text.padConfigureInput
                0x0000000000002f50       0x9c C:\devkitPro/libnx/lib\libnx.a(pad.o)
                0x0000000000002f50                padConfigureInput
 *fill*         0x0000000000002fec        0x4 
 .text.padInitializeWithMask
                0x0000000000002ff0       0x24 C:\devkitPro/libnx/lib\libnx.a(pad.o)
                0x0000000000002ff0                padInitializeWithMask
 *fill*         0x0000000000003014        0xc 
 .text.padUpdate
                0x0000000000003020      0x240 C:\devkitPro/libnx/lib\libnx.a(pad.o)
                0x0000000000003020                padUpdate
 .text.diagAbortWithResult
                0x0000000000003260       0x1c C:\devkitPro/libnx/lib\libnx.a(diag.o)
                0x0000000000003260                diagAbortWithResult
 *fill*         0x000000000000327c        0x4 
 .text.consoleDrawChar
                0x0000000000003280       0x48 C:\devkitPro/libnx/lib\libnx.a(console.o)
 *fill*         0x00000000000032c8        0x8 
 .text.parseColor
                0x00000000000032d0      0x1fc C:\devkitPro/libnx/lib\libnx.a(console.o)
 *fill*         0x00000000000034cc        0x4 
 .text.consoleNewRow
                0x00000000000034d0       0xb0 C:\devkitPro/libnx/lib\libnx.a(console.o)
 .text.con_write
                0x0000000000003580      0xc8c C:\devkitPro/libnx/lib\libnx.a(console.o)
 *fill*         0x000000000000420c        0x4 
 .text.consoleInit
                0x0000000000004210      0x158 C:\devkitPro/libnx/lib\libnx.a(console.o)
                0x0000000000004210                consoleInit
 *fill*         0x0000000000004368        0x8 
 .text.consoleExit
                0x0000000000004370       0x48 C:\devkitPro/libnx/lib\libnx.a(console.o)
                0x0000000000004370                consoleExit
 *fill*         0x00000000000043b8        0x8 
 .text.consoleUpdate
                0x00000000000043c0       0x2c C:\devkitPro/libnx/lib\libnx.a(console.o)
                0x00000000000043c0                consoleUpdate
 *fill*         0x00000000000043ec        0x4 
 .text.ConsoleSwRenderer_drawChar
                0x00000000000043f0      0x1b8 C:\devkitPro/libnx/lib\libnx.a(console_sw.o)
 *fill*         0x00000000000045a8        0x8 
 .text.ConsoleSwRenderer_init
                0x00000000000045b0       0xf8 C:\devkitPro/libnx/lib\libnx.a(console_sw.o)
 *fill*         0x00000000000046a8        0x8 
 .text.ConsoleSwRenderer_flushAndSwap
                0x00000000000046b0       0x70 C:\devkitPro/libnx/lib\libnx.a(console_sw.o)
 .text.ConsoleSwRenderer_scrollWindow
                0x0000000000004720       0xd8 C:\devkitPro/libnx/lib\libnx.a(console_sw.o)
 *fill*         0x00000000000047f8        0x8 
 .text.ConsoleSwRenderer_deinit
                0x0000000000004800       0x4c C:\devkitPro/libnx/lib\libnx.a(console_sw.o)
 *fill*         0x000000000000484c        0x4 
 .text.getDefaultConsoleRenderer
                0x0000000000004850        0xc C:\devkitPro/libnx/lib\libnx.a(console_sw.o)
                0x0000000000004850                getDefaultConsoleRenderer
 .text.svcSetHeapSize
                0x000000000000485c       0x14 C:\devkitPro/libnx/lib\libnx.a(svc.o)
                0x000000000000485c                svcSetHeapSize
 .text.svcSetMemoryAttribute
                0x0000000000004870        0x8 C:\devkitPro/libnx/lib\libnx.a(svc.o)
                0x0000000000004870                svcSetMemoryAttribute
 .text.svcUnmapMemory
                0x0000000000004878        0x8 C:\devkitPro/libnx/lib\libnx.a(svc.o)
                0x0000000000004878                svcUnmapMemory
 .text.svcQueryMemory
                0x0000000000004880       0x14 C:\devkitPro/libnx/lib\libnx.a(svc.o)
                0x0000000000004880                svcQueryMemory
 .text.svcExitProcess
                0x0000000000004894        0x8 C:\devkitPro/libnx/lib\libnx.a(svc.o)
                0x0000000000004894                svcExitProcess
 .text.svcSleepThread
                0x000000000000489c        0x8 C:\devkitPro/libnx/lib\libnx.a(svc.o)
                0x000000000000489c                svcSleepThread
 .text.svcMapSharedMemory
                0x00000000000048a4        0x8 C:\devkitPro/libnx/lib\libnx.a(svc.o)
                0x00000000000048a4                svcMapSharedMemory
 .text.svcUnmapSharedMemory
                0x00000000000048ac        0x8 C:\devkitPro/libnx/lib\libnx.a(svc.o)
                0x00000000000048ac                svcUnmapSharedMemory
 .text.svcCreateTransferMemory
                0x00000000000048b4       0x14 C:\devkitPro/libnx/lib\libnx.a(svc.o)
                0x00000000000048b4                svcCreateTransferMemory
 .text.svcCloseHandle
                0x00000000000048c8        0x8 C:\devkitPro/libnx/lib\libnx.a(svc.o)
                0x00000000000048c8                svcCloseHandle
 .text.svcResetSignal
                0x00000000000048d0        0x8 C:\devkitPro/libnx/lib\libnx.a(svc.o)
                0x00000000000048d0                svcResetSignal
 .text.svcWaitSynchronization
                0x00000000000048d8       0x14 C:\devkitPro/libnx/lib\libnx.a(svc.o)
                0x00000000000048d8                svcWaitSynchronization
 .text.svcArbitrateLock
                0x00000000000048ec        0x8 C:\devkitPro/libnx/lib\libnx.a(svc.o)
                0x00000000000048ec                svcArbitrateLock
 .text.svcArbitrateUnlock
                0x00000000000048f4        0x8 C:\devkitPro/libnx/lib\libnx.a(svc.o)
                0x00000000000048f4                svcArbitrateUnlock
 .text.svcWaitProcessWideKeyAtomic
                0x00000000000048fc        0x8 C:\devkitPro/libnx/lib\libnx.a(svc.o)
                0x00000000000048fc                svcWaitProcessWideKeyAtomic
 .text.svcSignalProcessWideKey
                0x0000000000004904        0x8 C:\devkitPro/libnx/lib\libnx.a(svc.o)
                0x0000000000004904                svcSignalProcessWideKey
 .text.svcConnectToNamedPort
                0x000000000000490c       0x14 C:\devkitPro/libnx/lib\libnx.a(svc.o)
                0x000000000000490c                svcConnectToNamedPort
 .text.svcSendSyncRequest
                0x0000000000004920        0x8 C:\devkitPro/libnx/lib\libnx.a(svc.o)
                0x0000000000004920                svcSendSyncRequest
 .text.svcBreak
                0x0000000000004928        0x8 C:\devkitPro/libnx/lib\libnx.a(svc.o)
                0x0000000000004928                svcBreak
 .text.svcReturnFromException
                0x0000000000004930        0x8 C:\devkitPro/libnx/lib\libnx.a(svc.o)
                0x0000000000004930                svcReturnFromException
 .text.svcGetInfo
                0x0000000000004938       0x14 C:\devkitPro/libnx/lib\libnx.a(svc.o)
                0x0000000000004938                svcGetInfo
 .text.svcUnmapTransferMemory
                0x000000000000494c        0x8 C:\devkitPro/libnx/lib\libnx.a(svc.o)
                0x000000000000494c                svcUnmapTransferMemory
 *fill*         0x0000000000004954        0xc 
 .text.waitObjects
                0x0000000000004960      0x508 C:\devkitPro/libnx/lib\libnx.a(wait.o)
                0x0000000000004960                waitObjects
 *fill*         0x0000000000004e68        0x8 
 .text.tmemCreate
                0x0000000000004e70       0xa8 C:\devkitPro/libnx/lib\libnx.a(tmem.o)
                0x0000000000004e70                tmemCreate
 *fill*         0x0000000000004f18        0x8 
 .text.tmemUnmap
                0x0000000000004f20       0x34 C:\devkitPro/libnx/lib\libnx.a(tmem.o)
                0x0000000000004f20                tmemUnmap
 *fill*         0x0000000000004f54        0xc 
 .text.tmemClose
                0x0000000000004f60       0x68 C:\devkitPro/libnx/lib\libnx.a(tmem.o)
                0x0000000000004f60                tmemClose
 *fill*         0x0000000000004fc8        0x8 
 .text.mutexLock
                0x0000000000004fd0       0x80 C:\devkitPro/libnx/lib\libnx.a(mutex.o)
                0x0000000000004fd0                mutexLock
 .text.mutexUnlock
                0x0000000000005050       0x68 C:\devkitPro/libnx/lib\libnx.a(mutex.o)
                0x0000000000005050                mutexUnlock
 *fill*         0x00000000000050b8        0x8 
 .text.mutexIsLockedByCurrentThread
                0x00000000000050c0       0x1c C:\devkitPro/libnx/lib\libnx.a(mutex.o)
                0x00000000000050c0                mutexIsLockedByCurrentThread
 *fill*         0x00000000000050dc        0x4 
 .text.rmutexLock
                0x00000000000050e0       0x4c C:\devkitPro/libnx/lib\libnx.a(mutex.o)
                0x00000000000050e0                rmutexLock
 *fill*         0x000000000000512c        0x4 
 .text.rmutexUnlock
                0x0000000000005130       0x1c C:\devkitPro/libnx/lib\libnx.a(mutex.o)
                0x0000000000005130                rmutexUnlock
 *fill*         0x000000000000514c        0x4 
 .text._memregionInitWithInfo
                0x0000000000005150       0x64 C:\devkitPro/libnx/lib\libnx.a(virtmem.o)
 *fill*         0x00000000000051b4        0xc 
 .text.__libnx_virtmem_rng
                0x00000000000051c0        0x4 C:\devkitPro/libnx/lib\libnx.a(virtmem.o)
                0x00000000000051c0                __libnx_virtmem_rng
 *fill*         0x00000000000051c4        0xc 
 .text._memregionFindRandom
                0x00000000000051d0      0x16c C:\devkitPro/libnx/lib\libnx.a(virtmem.o)
 *fill*         0x000000000000533c        0x4 
 .text.virtmemSetup
                0x0000000000005340      0x120 C:\devkitPro/libnx/lib\libnx.a(virtmem.o)
                0x0000000000005340                virtmemSetup
 .text.virtmemLock
                0x0000000000005460        0xc C:\devkitPro/libnx/lib\libnx.a(virtmem.o)
                0x0000000000005460                virtmemLock
 *fill*         0x000000000000546c        0x4 
 .text.virtmemUnlock
                0x0000000000005470        0xc C:\devkitPro/libnx/lib\libnx.a(virtmem.o)
                0x0000000000005470                virtmemUnlock
 *fill*         0x000000000000547c        0x4 
 .text.virtmemFindAslr
                0x0000000000005480       0x54 C:\devkitPro/libnx/lib\libnx.a(virtmem.o)
                0x0000000000005480                virtmemFindAslr
 *fill*         0x00000000000054d4        0xc 
 .text.eventLoadRemote
                0x00000000000054e0        0xc C:\devkitPro/libnx/lib\libnx.a(event.o)
                0x00000000000054e0                eventLoadRemote
 *fill*         0x00000000000054ec        0x4 
 .text.eventWait
                0x00000000000054f0       0x38 C:\devkitPro/libnx/lib\libnx.a(event.o)
                0x00000000000054f0                eventWait
 *fill*         0x0000000000005528        0x8 
 .text.eventClose
                0x0000000000005530       0x50 C:\devkitPro/libnx/lib\libnx.a(event.o)
                0x0000000000005530                eventClose
 .text.randomGet
                0x0000000000005580      0x3dc C:\devkitPro/libnx/lib\libnx.a(random.o)
                0x0000000000005580                randomGet
 *fill*         0x000000000000595c        0x4 
 .text.randomGet64
                0x0000000000005960       0x20 C:\devkitPro/libnx/lib\libnx.a(random.o)
                0x0000000000005960                randomGet64
 .text._apmCleanup
                0x0000000000005980       0xc0 C:\devkitPro/libnx/lib\libnx.a(apm.o)
 .text._apmCmdGetSession.constprop.0
                0x0000000000005a40       0xfc C:\devkitPro/libnx/lib\libnx.a(apm.o)
 *fill*         0x0000000000005b3c        0x4 
 .text.apmInitialize
                0x0000000000005b40       0xa0 C:\devkitPro/libnx/lib\libnx.a(apm.o)
                0x0000000000005b40                apmInitialize
 .text.apmExit  0x0000000000005be0       0x44 C:\devkitPro/libnx/lib\libnx.a(apm.o)
                0x0000000000005be0                apmExit
 *fill*         0x0000000000005c24        0xc 
 .text.apmSetPerformanceConfiguration
                0x0000000000005c30       0xc8 C:\devkitPro/libnx/lib\libnx.a(apm.o)
                0x0000000000005c30                apmSetPerformanceConfiguration
 *fill*         0x0000000000005cf8        0x8 
 .text._smCmifCmdInPid
                0x0000000000005d00       0xd0 C:\devkitPro/libnx/lib\libnx.a(sm.o)
 .text._smCleanup
                0x0000000000005dd0       0x68 C:\devkitPro/libnx/lib\libnx.a(sm.o)
 *fill*         0x0000000000005e38        0x8 
 .text.smAddOverrideHandle
                0x0000000000005e40       0x48 C:\devkitPro/libnx/lib\libnx.a(sm.o)
                0x0000000000005e40                smAddOverrideHandle
 *fill*         0x0000000000005e88        0x8 
 .text.smGetServiceOverride
                0x0000000000005e90       0x54 C:\devkitPro/libnx/lib\libnx.a(sm.o)
                0x0000000000005e90                smGetServiceOverride
 *fill*         0x0000000000005ee4        0xc 
 .text.smInitialize
                0x0000000000005ef0      0x1c0 C:\devkitPro/libnx/lib\libnx.a(sm.o)
                0x0000000000005ef0                smInitialize
 .text.smExit   0x00000000000060b0       0x44 C:\devkitPro/libnx/lib\libnx.a(sm.o)
                0x00000000000060b0                smExit
 *fill*         0x00000000000060f4        0xc 
 .text.smGetServiceOriginal
                0x0000000000006100       0xd0 C:\devkitPro/libnx/lib\libnx.a(sm.o)
                0x0000000000006100                smGetServiceOriginal
 .text.smGetServiceWrapper
                0x00000000000061d0      0x120 C:\devkitPro/libnx/lib\libnx.a(sm.o)
                0x00000000000061d0                smGetServiceWrapper
 .text._hidCleanup
                0x00000000000062f0      0x108 C:\devkitPro/libnx/lib\libnx.a(hid.o)
 *fill*         0x00000000000063f8        0x8 
 .text._hidCmdInAruidNoOut
                0x0000000000006400       0xd8 C:\devkitPro/libnx/lib\libnx.a(hid.o)
 *fill*         0x00000000000064d8        0x8 
 .text._hidCmdInU32AruidNoOut
                0x00000000000064e0       0xe4 C:\devkitPro/libnx/lib\libnx.a(hid.o)
 *fill*         0x00000000000065c4        0xc 
 .text._hidGetStates
                0x00000000000065d0      0x1a4 C:\devkitPro/libnx/lib\libnx.a(hid.o)
 *fill*         0x0000000000006774        0xc 
 .text._hidCreateAppletResource.constprop.0
                0x0000000000006780      0x114 C:\devkitPro/libnx/lib\libnx.a(hid.o)
 *fill*         0x0000000000006894        0xc 
 .text._hidCmdGetHandle.constprop.0
                0x00000000000068a0       0xc8 C:\devkitPro/libnx/lib\libnx.a(hid.o)
 *fill*         0x0000000000006968        0x8 
 .text.hidInitialize
                0x0000000000006970       0xdc C:\devkitPro/libnx/lib\libnx.a(hid.o)
                0x0000000000006970                hidInitialize
 *fill*         0x0000000000006a4c        0x4 
 .text.hidExit  0x0000000000006a50       0x44 C:\devkitPro/libnx/lib\libnx.a(hid.o)
                0x0000000000006a50                hidExit
 *fill*         0x0000000000006a94        0xc 
 .text.hidGetSharedmemAddr
                0x0000000000006aa0        0xc C:\devkitPro/libnx/lib\libnx.a(hid.o)
                0x0000000000006aa0                hidGetSharedmemAddr
 *fill*         0x0000000000006aac        0x4 
 .text.hidGetNpadStyleSet
                0x0000000000006ab0       0x94 C:\devkitPro/libnx/lib\libnx.a(hid.o)
                0x0000000000006ab0                hidGetNpadStyleSet
 *fill*         0x0000000000006b44        0xc 
 .text.hidInitializeNpad
                0x0000000000006b50       0x6c C:\devkitPro/libnx/lib\libnx.a(hid.o)
                0x0000000000006b50                hidInitializeNpad
 *fill*         0x0000000000006bbc        0x4 
 .text.hidGetNpadStatesFullKey
                0x0000000000006bc0       0xac C:\devkitPro/libnx/lib\libnx.a(hid.o)
                0x0000000000006bc0                hidGetNpadStatesFullKey
 *fill*         0x0000000000006c6c        0x4 
 .text.hidGetNpadStatesHandheld
                0x0000000000006c70       0xac C:\devkitPro/libnx/lib\libnx.a(hid.o)
                0x0000000000006c70                hidGetNpadStatesHandheld
 *fill*         0x0000000000006d1c        0x4 
 .text.hidGetNpadStatesJoyDual
                0x0000000000006d20       0xac C:\devkitPro/libnx/lib\libnx.a(hid.o)
                0x0000000000006d20                hidGetNpadStatesJoyDual
 *fill*         0x0000000000006dcc        0x4 
 .text.hidGetNpadStatesJoyLeft
                0x0000000000006dd0       0xac C:\devkitPro/libnx/lib\libnx.a(hid.o)
                0x0000000000006dd0                hidGetNpadStatesJoyLeft
 *fill*         0x0000000000006e7c        0x4 
 .text.hidGetNpadStatesJoyRight
                0x0000000000006e80       0xac C:\devkitPro/libnx/lib\libnx.a(hid.o)
                0x0000000000006e80                hidGetNpadStatesJoyRight
 *fill*         0x0000000000006f2c        0x4 
 .text.hidGetNpadStatesGc
                0x0000000000006f30      0x168 C:\devkitPro/libnx/lib\libnx.a(hid.o)
                0x0000000000006f30                hidGetNpadStatesGc
 *fill*         0x0000000000007098        0x8 
 .text.hidGetNpadStatesSystemExt
                0x00000000000070a0       0xb0 C:\devkitPro/libnx/lib\libnx.a(hid.o)
                0x00000000000070a0                hidGetNpadStatesSystemExt
 .text.hidSetSupportedNpadStyleSet
                0x0000000000007150        0x8 C:\devkitPro/libnx/lib\libnx.a(hid.o)
                0x0000000000007150                hidSetSupportedNpadStyleSet
 *fill*         0x0000000000007158        0x8 
 .text.hidSetSupportedNpadIdType
                0x0000000000007160      0x100 C:\devkitPro/libnx/lib\libnx.a(hid.o)
                0x0000000000007160                hidSetSupportedNpadIdType
 .text.framebufferMakeLinear
                0x0000000000007260       0x8c C:\devkitPro/libnx/lib\libnx.a(framebuffer.o)
                0x0000000000007260                framebufferMakeLinear
 *fill*         0x00000000000072ec        0x4 
 .text.framebufferClose
                0x00000000000072f0       0x80 C:\devkitPro/libnx/lib\libnx.a(framebuffer.o)
                0x00000000000072f0                framebufferClose
 .text.framebufferCreate
                0x0000000000007370      0x2b4 C:\devkitPro/libnx/lib\libnx.a(framebuffer.o)
                0x0000000000007370                framebufferCreate
 *fill*         0x0000000000007624        0xc 
 .text.framebufferBegin
                0x0000000000007630       0x88 C:\devkitPro/libnx/lib\libnx.a(framebuffer.o)
                0x0000000000007630                framebufferBegin
 *fill*         0x00000000000076b8        0x8 
 .text.framebufferEnd
                0x00000000000076c0      0x184 C:\devkitPro/libnx/lib\libnx.a(framebuffer.o)
                0x00000000000076c0                framebufferEnd
 *fill*         0x0000000000007844        0xc 
 .text.nwindowGetDefault
                0x0000000000007850        0xc C:\devkitPro/libnx/lib\libnx.a(default_window.o)
                0x0000000000007850                nwindowGetDefault
 *fill*         0x000000000000785c        0x4 
 .text.__nx_win_init
                0x0000000000007860       0xb0 C:\devkitPro/libnx/lib\libnx.a(default_window.o)
                0x0000000000007860                __nx_win_init
 .text.__nx_win_exit
                0x0000000000007910       0x34 C:\devkitPro/libnx/lib\libnx.a(default_window.o)
                0x0000000000007910                __nx_win_exit
 *fill*         0x0000000000007944        0xc 
 .text.nwindowIsValid
                0x0000000000007950       0x24 C:\devkitPro/libnx/lib\libnx.a(native_window.o)
                0x0000000000007950                nwindowIsValid
 *fill*         0x0000000000007974        0xc 
 .text.nwindowClose
                0x0000000000007980       0x80 C:\devkitPro/libnx/lib\libnx.a(native_window.o)
                0x0000000000007980                nwindowClose
 .text.nwindowCreate
                0x0000000000007a00       0xf4 C:\devkitPro/libnx/lib\libnx.a(native_window.o)
                0x0000000000007a00                nwindowCreate
 *fill*         0x0000000000007af4        0xc 
 .text.nwindowCreateFromLayer
                0x0000000000007b00       0x34 C:\devkitPro/libnx/lib\libnx.a(native_window.o)
                0x0000000000007b00                nwindowCreateFromLayer
 *fill*         0x0000000000007b34        0xc 
 .text.nwindowSetDimensions
                0x0000000000007b40       0x88 C:\devkitPro/libnx/lib\libnx.a(native_window.o)
                0x0000000000007b40                nwindowSetDimensions
 *fill*         0x0000000000007bc8        0x8 
 .text.nwindowConfigureBuffer
                0x0000000000007bd0      0x190 C:\devkitPro/libnx/lib\libnx.a(native_window.o)
                0x0000000000007bd0                nwindowConfigureBuffer
 .text.nwindowDequeueBuffer
                0x0000000000007d60      0x1d4 C:\devkitPro/libnx/lib\libnx.a(native_window.o)
                0x0000000000007d60                nwindowDequeueBuffer
 *fill*         0x0000000000007f34        0xc 
 .text.nwindowQueueBuffer
                0x0000000000007f40      0x140 C:\devkitPro/libnx/lib\libnx.a(native_window.o)
                0x0000000000007f40                nwindowQueueBuffer
 .text.nwindowReleaseBuffers
                0x0000000000008080       0xa0 C:\devkitPro/libnx/lib\libnx.a(native_window.o)
                0x0000000000008080                nwindowReleaseBuffers
 .text.__nx_dynamic
                0x0000000000008120       0xa0 C:\devkitPro/libnx/lib\libnx.a(dynamic.o)
                0x0000000000008120                __nx_dynamic
 .text.__libnx_initheap
                0x00000000000081c0       0xd8 C:\devkitPro/libnx/lib\libnx.a(init.o)
                0x00000000000081c0                __libnx_initheap
 *fill*         0x0000000000008298        0x8 
 .text.__appInit
                0x00000000000082a0       0xec C:\devkitPro/libnx/lib\libnx.a(init.o)
                0x00000000000082a0                __appInit
 *fill*         0x000000000000838c        0x4 
 .text.__appExit
                0x0000000000008390       0x44 C:\devkitPro/libnx/lib\libnx.a(init.o)
                0x0000000000008390                __appExit
 *fill*         0x00000000000083d4        0xc 
 .text.__libnx_init
                0x00000000000083e0       0x2c C:\devkitPro/libnx/lib\libnx.a(init.o)
                0x00000000000083e0                __libnx_init
 *fill*         0x000000000000840c        0x4 
 .text.__libnx_exit
                0x0000000000008410       0x20 C:\devkitPro/libnx/lib\libnx.a(init.o)
                0x0000000000008410                __libnx_exit
 .text.__libnx_alloc
                0x0000000000008430        0x4 C:\devkitPro/libnx/lib\libnx.a(alloc.o)
                0x0000000000008430                __libnx_alloc
 *fill*         0x0000000000008434        0xc 
 .text.__libnx_aligned_alloc
                0x0000000000008440       0x14 C:\devkitPro/libnx/lib\libnx.a(alloc.o)
                0x0000000000008440                __libnx_aligned_alloc
 *fill*         0x0000000000008454        0xc 
 .text.__libnx_free
                0x0000000000008460        0x4 C:\devkitPro/libnx/lib\libnx.a(alloc.o)
                0x0000000000008460                __libnx_free
 *fill*         0x0000000000008464        0xc 
 .text.__syscall_exit
                0x0000000000008470       0x1c C:\devkitPro/libnx/lib\libnx.a(newlib.o)
                0x0000000000008470                __syscall_exit
 *fill*         0x000000000000848c        0x4 
 .text.__syscall_getreent
                0x0000000000008490       0x34 C:\devkitPro/libnx/lib\libnx.a(newlib.o)
                0x0000000000008490                __syscall_getreent
 *fill*         0x00000000000084c4        0xc 
 .text.__syscall_lock_acquire
                0x00000000000084d0        0x4 C:\devkitPro/libnx/lib\libnx.a(newlib.o)
                0x00000000000084d0                __syscall_lock_acquire
 *fill*         0x00000000000084d4        0xc 
 .text.__syscall_lock_release
                0x00000000000084e0        0x4 C:\devkitPro/libnx/lib\libnx.a(newlib.o)
                0x00000000000084e0                __syscall_lock_release
 *fill*         0x00000000000084e4        0xc 
 .text.__syscall_lock_acquire_recursive
                0x00000000000084f0        0x4 C:\devkitPro/libnx/lib\libnx.a(newlib.o)
                0x00000000000084f0                __syscall_lock_acquire_recursive
 *fill*         0x00000000000084f4        0xc 
 .text.__syscall_lock_release_recursive
                0x0000000000008500        0x4 C:\devkitPro/libnx/lib\libnx.a(newlib.o)
                0x0000000000008500                __syscall_lock_release_recursive
 *fill*         0x0000000000008504        0xc 
 .text.__libnx_init_time
                0x0000000000008510      0x228 C:\devkitPro/libnx/lib\libnx.a(newlib.o)
                0x0000000000008510                __libnx_init_time
 *fill*         0x0000000000008738        0x8 
 .text.newlibSetup
                0x0000000000008740       0x84 C:\devkitPro/libnx/lib\libnx.a(newlib.o)
                0x0000000000008740                newlibSetup
 *fill*         0x00000000000087c4        0xc 
 .text.argvSetup
                0x00000000000087d0      0x308 C:\devkitPro/libnx/lib\libnx.a(argv.o)
                0x00000000000087d0                argvSetup
 *fill*         0x0000000000008ad8        0x8 
 .text.fsdev_link
                0x0000000000008ae0       0x14 C:\devkitPro/libnx/lib\libnx.a(fs_dev.o)
 *fill*         0x0000000000008af4        0xc 
 .text.fsdev_dirreset
                0x0000000000008b00       0x14 C:\devkitPro/libnx/lib\libnx.a(fs_dev.o)
 *fill*         0x0000000000008b14        0xc 
 .text.fsdev_chmod
                0x0000000000008b20       0x14 C:\devkitPro/libnx/lib\libnx.a(fs_dev.o)
 *fill*         0x0000000000008b34        0xc 
 .text.error_cmp
                0x0000000000008b40       0x18 C:\devkitPro/libnx/lib\libnx.a(fs_dev.o)
 *fill*         0x0000000000008b58        0x8 
 .text.fsdev_dirclose
                0x0000000000008b60       0x20 C:\devkitPro/libnx/lib\libnx.a(fs_dev.o)
 .text.fsdev_close
                0x0000000000008b80       0x1c C:\devkitPro/libnx/lib\libnx.a(fs_dev.o)
 *fill*         0x0000000000008b9c        0x4 
 .text.fsdev_converttimetoutc
                0x0000000000008ba0       0x80 C:\devkitPro/libnx/lib\libnx.a(fs_dev.o)
 .text.fsdevFindDevice.part.0
                0x0000000000008c20       0xc8 C:\devkitPro/libnx/lib\libnx.a(fs_dev.o)
 *fill*         0x0000000000008ce8        0x8 
 .text.fsdev_fixpath
                0x0000000000008cf0      0x1ac C:\devkitPro/libnx/lib\libnx.a(fs_dev.o)
 *fill*         0x0000000000008e9c        0x4 
 .text._fsdevUnmountDeviceStruct.part.0
                0x0000000000008ea0       0xa0 C:\devkitPro/libnx/lib\libnx.a(fs_dev.o)
 .text.fsdev_fchmod
                0x0000000000008f40       0x14 C:\devkitPro/libnx/lib\libnx.a(fs_dev.o)
 *fill*         0x0000000000008f54        0xc 
 .text.fsdev_diropen
                0x0000000000008f60      0x108 C:\devkitPro/libnx/lib\libnx.a(fs_dev.o)
 *fill*         0x0000000000009068        0x8 
 .text.fsdev_statvfs
                0x0000000000009070       0xfc C:\devkitPro/libnx/lib\libnx.a(fs_dev.o)
 *fill*         0x000000000000916c        0x4 
 .text.fsdev_fsync
                0x0000000000009170       0x7c C:\devkitPro/libnx/lib\libnx.a(fs_dev.o)
 *fill*         0x00000000000091ec        0x4 
 .text.fsdev_fstat
                0x00000000000091f0       0xf4 C:\devkitPro/libnx/lib\libnx.a(fs_dev.o)
 *fill*         0x00000000000092e4        0xc 
 .text.fsdev_ftruncate
                0x00000000000092f0       0x8c C:\devkitPro/libnx/lib\libnx.a(fs_dev.o)
 *fill*         0x000000000000937c        0x4 
 .text.fsdev_stat
                0x0000000000009380      0x1fc C:\devkitPro/libnx/lib\libnx.a(fs_dev.o)
 *fill*         0x000000000000957c        0x4 
 .text.fsdev_rename
                0x0000000000009580      0x14c C:\devkitPro/libnx/lib\libnx.a(fs_dev.o)
 *fill*         0x00000000000096cc        0x4 
 .text.fsdev_chdir
                0x00000000000096d0      0x140 C:\devkitPro/libnx/lib\libnx.a(fs_dev.o)
 .text.fsdev_mkdir
                0x0000000000009810       0xa4 C:\devkitPro/libnx/lib\libnx.a(fs_dev.o)
 *fill*         0x00000000000098b4        0xc 
 .text.fsdev_unlink
                0x00000000000098c0       0xa4 C:\devkitPro/libnx/lib\libnx.a(fs_dev.o)
 *fill*         0x0000000000009964        0xc 
 .text.fsdev_rmdir
                0x0000000000009970       0xa4 C:\devkitPro/libnx/lib\libnx.a(fs_dev.o)
 *fill*         0x0000000000009a14        0xc 
 .text.fsdev_write_safe
                0x0000000000009a20      0x13c C:\devkitPro/libnx/lib\libnx.a(fs_dev.o)
 *fill*         0x0000000000009b5c        0x4 
 .text.fsdev_read_safe
                0x0000000000009b60      0x13c C:\devkitPro/libnx/lib\libnx.a(fs_dev.o)
 *fill*         0x0000000000009c9c        0x4 
 .text.fsdev_read
                0x0000000000009ca0      0x104 C:\devkitPro/libnx/lib\libnx.a(fs_dev.o)
 *fill*         0x0000000000009da4        0xc 
 .text.fsdev_dirnext
                0x0000000000009db0      0x1a0 C:\devkitPro/libnx/lib\libnx.a(fs_dev.o)
 .text.fsdev_write
                0x0000000000009f50      0x11c C:\devkitPro/libnx/lib\libnx.a(fs_dev.o)
 *fill*         0x000000000000a06c        0x4 
 .text.fsdev_seek
                0x000000000000a070       0xf0 C:\devkitPro/libnx/lib\libnx.a(fs_dev.o)
 .text.fsdev_open
                0x000000000000a160      0x23c C:\devkitPro/libnx/lib\libnx.a(fs_dev.o)
 *fill*         0x000000000000a39c        0x4 
 .text.fsdevMountDevice
                0x000000000000a3a0      0x214 C:\devkitPro/libnx/lib\libnx.a(fs_dev.o)
                0x000000000000a3a0                fsdevMountDevice
 *fill*         0x000000000000a5b4        0xc 
 .text.fsdevMountSdmc
                0x000000000000a5c0       0x40 C:\devkitPro/libnx/lib\libnx.a(fs_dev.o)
                0x000000000000a5c0                fsdevMountSdmc
 .text.__libnx_init_cwd
                0x000000000000a600       0xc0 C:\devkitPro/libnx/lib\libnx.a(fs_dev.o)
                0x000000000000a600                __libnx_init_cwd
 .text.fsdevUnmountAll
                0x000000000000a6c0       0x64 C:\devkitPro/libnx/lib\libnx.a(fs_dev.o)
                0x000000000000a6c0                fsdevUnmountAll
 *fill*         0x000000000000a724        0xc 
 .text.decode_utf8
                0x000000000000a730      0x12c C:\devkitPro/libnx/lib\libnx.a(decode_utf8.o)
                0x000000000000a730                decode_utf8
 .text.armDCacheFlush
                0x000000000000a85c       0x4c C:\devkitPro/libnx/lib\libnx.a(cache.o)
                0x000000000000a85c                armDCacheFlush
 .text.__libnx_exception_entry
                0x000000000000a8a8      0x1c0 C:\devkitPro/libnx/lib\libnx.a(exception.o)
                0x000000000000a8a8                __libnx_exception_entry
 .text.__libnx_exception_returnentry
                0x000000000000aa68       0x18 C:\devkitPro/libnx/lib\libnx.a(exception.o)
                0x000000000000aa68                __libnx_exception_returnentry
 .text.__aarch64_read_tp
                0x000000000000aa80        0xc C:\devkitPro/libnx/lib\libnx.a(readtp.o)
                0x000000000000aa80                __aarch64_read_tp
 *fill*         0x000000000000aa8c        0x4 
 .text.shmemLoadRemote
                0x000000000000aa90       0x14 C:\devkitPro/libnx/lib\libnx.a(shmem.o)
                0x000000000000aa90                shmemLoadRemote
 *fill*         0x000000000000aaa4        0xc 
 .text.shmemMap
                0x000000000000aab0       0x88 C:\devkitPro/libnx/lib\libnx.a(shmem.o)
                0x000000000000aab0                shmemMap
 *fill*         0x000000000000ab38        0x8 
 .text.shmemUnmap
                0x000000000000ab40       0x34 C:\devkitPro/libnx/lib\libnx.a(shmem.o)
                0x000000000000ab40                shmemUnmap
 *fill*         0x000000000000ab74        0xc 
 .text.shmemClose
                0x000000000000ab80       0x44 C:\devkitPro/libnx/lib\libnx.a(shmem.o)
                0x000000000000ab80                shmemClose
 *fill*         0x000000000000abc4        0xc 
 .text.condvarWaitTimeout
                0x000000000000abd0       0x64 C:\devkitPro/libnx/lib\libnx.a(condvar.o)
                0x000000000000abd0                condvarWaitTimeout
 *fill*         0x000000000000ac34        0xc 
 .text.__libnx_init_thread
                0x000000000000ac40       0xb0 C:\devkitPro/libnx/lib\libnx.a(thread.o)
                0x000000000000ac40                __libnx_init_thread
 .text._viCleanup
                0x000000000000acf0      0x1dc C:\devkitPro/libnx/lib\libnx.a(vi.o)
 *fill*         0x000000000000aecc        0x4 
 .text._viCmdGetSessionNoParams.constprop.0
                0x000000000000aed0      0x100 C:\devkitPro/libnx/lib\libnx.a(vi.o)
 .text._viCmdGetSession.constprop.0
                0x000000000000afd0       0xfc C:\devkitPro/libnx/lib\libnx.a(vi.o)
 *fill*         0x000000000000b0cc        0x4 
 .text.viInitialize
                0x000000000000b0d0      0x240 C:\devkitPro/libnx/lib\libnx.a(vi.o)
                0x000000000000b0d0                viInitialize
 .text.viExit   0x000000000000b310       0x44 C:\devkitPro/libnx/lib\libnx.a(vi.o)
                0x000000000000b310                viExit
 *fill*         0x000000000000b354        0xc 
 .text.viGetSession_IHOSBinderDriverRelay
                0x000000000000b360        0xc C:\devkitPro/libnx/lib\libnx.a(vi.o)
                0x000000000000b360                viGetSession_IHOSBinderDriverRelay
 *fill*         0x000000000000b36c        0x4 
 .text.viOpenDisplay
                0x000000000000b370      0x110 C:\devkitPro/libnx/lib\libnx.a(vi.o)
                0x000000000000b370                viOpenDisplay
 .text.viCloseDisplay
                0x000000000000b480       0xf4 C:\devkitPro/libnx/lib\libnx.a(vi.o)
                0x000000000000b480                viCloseDisplay
 *fill*         0x000000000000b574        0xc 
 .text.viCloseLayer
                0x000000000000b580       0xfc C:\devkitPro/libnx/lib\libnx.a(vi.o)
                0x000000000000b580                viCloseLayer
 *fill*         0x000000000000b67c        0x4 
 .text.viCreateLayer
                0x000000000000b680      0x39c C:\devkitPro/libnx/lib\libnx.a(vi.o)
                0x000000000000b680                viCreateLayer
 *fill*         0x000000000000ba1c        0x4 
 .text.viSetLayerScalingMode
                0x000000000000ba20       0xd8 C:\devkitPro/libnx/lib\libnx.a(vi.o)
                0x000000000000ba20                viSetLayerScalingMode
 *fill*         0x000000000000baf8        0x8 
 .text._setsysGetFirmwareVersionImpl
                0x000000000000bb00       0xd4 C:\devkitPro/libnx/lib\libnx.a(set.o)
 *fill*         0x000000000000bbd4        0xc 
 .text._setsysCleanup
                0x000000000000bbe0       0x68 C:\devkitPro/libnx/lib\libnx.a(set.o)
 *fill*         0x000000000000bc48        0x8 
 .text.setsysInitialize
                0x000000000000bc50       0xa0 C:\devkitPro/libnx/lib\libnx.a(set.o)
                0x000000000000bc50                setsysInitialize
 .text.setsysExit
                0x000000000000bcf0       0x44 C:\devkitPro/libnx/lib\libnx.a(set.o)
                0x000000000000bcf0                setsysExit
 *fill*         0x000000000000bd34        0xc 
 .text.setsysGetFirmwareVersion
                0x000000000000bd40       0x44 C:\devkitPro/libnx/lib\libnx.a(set.o)
                0x000000000000bd40                setsysGetFirmwareVersion
 *fill*         0x000000000000bd84        0xc 
 .text._fsCleanup
                0x000000000000bd90       0xb4 C:\devkitPro/libnx/lib\libnx.a(fs.o)
 *fill*         0x000000000000be44        0xc 
 .text._fsCmdNoIO
                0x000000000000be50      0x1b0 C:\devkitPro/libnx/lib\libnx.a(fs.o)
 .text._fsFsCmdWithInPath
                0x000000000000c000      0x1d0 C:\devkitPro/libnx/lib\libnx.a(fs.o)
 .text._fsFsCmdWithTwoInPaths
                0x000000000000c1d0      0x1f8 C:\devkitPro/libnx/lib\libnx.a(fs.o)
 *fill*         0x000000000000c3c8        0x8 
 .text._fsFsOpenCommon
                0x000000000000c3d0      0x23c C:\devkitPro/libnx/lib\libnx.a(fs.o)
 *fill*         0x000000000000c60c        0x4 
 .text._fsFsCmdWithInPathAndOutU64
                0x000000000000c610      0x1ec C:\devkitPro/libnx/lib\libnx.a(fs.o)
 *fill*         0x000000000000c7fc        0x4 
 .text._fsObjectClose
                0x000000000000c800       0xf4 C:\devkitPro/libnx/lib\libnx.a(fs.o)
 *fill*         0x000000000000c8f4        0xc 
 .text._fsCmdGetSession.constprop.0
                0x000000000000c900      0x17c C:\devkitPro/libnx/lib\libnx.a(fs.o)
 *fill*         0x000000000000ca7c        0x4 
 .text.fsInitialize
                0x000000000000ca80      0x304 C:\devkitPro/libnx/lib\libnx.a(fs.o)
                0x000000000000ca80                fsInitialize
 *fill*         0x000000000000cd84        0xc 
 .text.fsExit   0x000000000000cd90       0x44 C:\devkitPro/libnx/lib\libnx.a(fs.o)
                0x000000000000cd90                fsExit
 *fill*         0x000000000000cdd4        0xc 
 .text.fsOpenSdCardFileSystem
                0x000000000000cde0        0x8 C:\devkitPro/libnx/lib\libnx.a(fs.o)
                0x000000000000cde0                fsOpenSdCardFileSystem
 *fill*         0x000000000000cde8        0x8 
 .text.fsFsCreateFile
                0x000000000000cdf0      0x1e0 C:\devkitPro/libnx/lib\libnx.a(fs.o)
                0x000000000000cdf0                fsFsCreateFile
 .text.fsFsDeleteFile
                0x000000000000cfd0        0x8 C:\devkitPro/libnx/lib\libnx.a(fs.o)
                0x000000000000cfd0                fsFsDeleteFile
 *fill*         0x000000000000cfd8        0x8 
 .text.fsFsCreateDirectory
                0x000000000000cfe0        0x8 C:\devkitPro/libnx/lib\libnx.a(fs.o)
                0x000000000000cfe0                fsFsCreateDirectory
 *fill*         0x000000000000cfe8        0x8 
 .text.fsFsDeleteDirectory
                0x000000000000cff0        0x8 C:\devkitPro/libnx/lib\libnx.a(fs.o)
                0x000000000000cff0                fsFsDeleteDirectory
 *fill*         0x000000000000cff8        0x8 
 .text.fsFsRenameFile
                0x000000000000d000        0x8 C:\devkitPro/libnx/lib\libnx.a(fs.o)
                0x000000000000d000                fsFsRenameFile
 *fill*         0x000000000000d008        0x8 
 .text.fsFsRenameDirectory
                0x000000000000d010        0x8 C:\devkitPro/libnx/lib\libnx.a(fs.o)
                0x000000000000d010                fsFsRenameDirectory
 *fill*         0x000000000000d018        0x8 
 .text.fsFsGetEntryType
                0x000000000000d020      0x1e8 C:\devkitPro/libnx/lib\libnx.a(fs.o)
                0x000000000000d020                fsFsGetEntryType
 *fill*         0x000000000000d208        0x8 
 .text.fsFsOpenFile
                0x000000000000d210        0x8 C:\devkitPro/libnx/lib\libnx.a(fs.o)
                0x000000000000d210                fsFsOpenFile
 *fill*         0x000000000000d218        0x8 
 .text.fsFsOpenDirectory
                0x000000000000d220        0x8 C:\devkitPro/libnx/lib\libnx.a(fs.o)
                0x000000000000d220                fsFsOpenDirectory
 *fill*         0x000000000000d228        0x8 
 .text.fsFsGetFreeSpace
                0x000000000000d230        0x8 C:\devkitPro/libnx/lib\libnx.a(fs.o)
                0x000000000000d230                fsFsGetFreeSpace
 *fill*         0x000000000000d238        0x8 
 .text.fsFsGetTotalSpace
                0x000000000000d240        0x8 C:\devkitPro/libnx/lib\libnx.a(fs.o)
                0x000000000000d240                fsFsGetTotalSpace
 *fill*         0x000000000000d248        0x8 
 .text.fsFsGetFileTimeStampRaw
                0x000000000000d250      0x230 C:\devkitPro/libnx/lib\libnx.a(fs.o)
                0x000000000000d250                fsFsGetFileTimeStampRaw
 .text.fsFsClose
                0x000000000000d480        0x4 C:\devkitPro/libnx/lib\libnx.a(fs.o)
                0x000000000000d480                fsFsClose
 *fill*         0x000000000000d484        0xc 
 .text.fsFileRead
                0x000000000000d490      0x20c C:\devkitPro/libnx/lib\libnx.a(fs.o)
                0x000000000000d490                fsFileRead
 *fill*         0x000000000000d69c        0x4 
 .text.fsFileWrite
                0x000000000000d6a0      0x1fc C:\devkitPro/libnx/lib\libnx.a(fs.o)
                0x000000000000d6a0                fsFileWrite
 *fill*         0x000000000000d89c        0x4 
 .text.fsFileFlush
                0x000000000000d8a0        0x8 C:\devkitPro/libnx/lib\libnx.a(fs.o)
                0x000000000000d8a0                fsFileFlush
 *fill*         0x000000000000d8a8        0x8 
 .text.fsFileSetSize
                0x000000000000d8b0      0x1b4 C:\devkitPro/libnx/lib\libnx.a(fs.o)
                0x000000000000d8b0                fsFileSetSize
 *fill*         0x000000000000da64        0xc 
 .text.fsFileGetSize
                0x000000000000da70      0x1c4 C:\devkitPro/libnx/lib\libnx.a(fs.o)
                0x000000000000da70                fsFileGetSize
 *fill*         0x000000000000dc34        0xc 
 .text.fsFileClose
                0x000000000000dc40        0x4 C:\devkitPro/libnx/lib\libnx.a(fs.o)
                0x000000000000dc40                fsFileClose
 *fill*         0x000000000000dc44        0xc 
 .text.fsDirClose
                0x000000000000dc50        0x4 C:\devkitPro/libnx/lib\libnx.a(fs.o)
                0x000000000000dc50                fsDirClose
 *fill*         0x000000000000dc54        0xc 
 .text.fsDirRead
                0x000000000000dc60      0x200 C:\devkitPro/libnx/lib\libnx.a(fs.o)
                0x000000000000dc60                fsDirRead
 .text._nvSetClientPID
                0x000000000000de60       0xd0 C:\devkitPro/libnx/lib\libnx.a(nv.o)
 .text._nvCleanup
                0x000000000000df30       0xd0 C:\devkitPro/libnx/lib\libnx.a(nv.o)
 .text._nvCmdInitialize.constprop.0
                0x000000000000e000       0xd8 C:\devkitPro/libnx/lib\libnx.a(nv.o)
 *fill*         0x000000000000e0d8        0x8 
 .text.__nx_nv_create_tmem
                0x000000000000e0e0       0x1c C:\devkitPro/libnx/lib\libnx.a(nv.o)
                0x000000000000e0e0                __nx_nv_create_tmem
 *fill*         0x000000000000e0fc        0x4 
 .text.nvInitialize
                0x000000000000e100      0x220 C:\devkitPro/libnx/lib\libnx.a(nv.o)
                0x000000000000e100                nvInitialize
 .text.nvExit   0x000000000000e320       0x44 C:\devkitPro/libnx/lib\libnx.a(nv.o)
                0x000000000000e320                nvExit
 *fill*         0x000000000000e364        0xc 
 .text.nvConvertError
                0x000000000000e370       0xf4 C:\devkitPro/libnx/lib\libnx.a(nv.o)
                0x000000000000e370                nvConvertError
 *fill*         0x000000000000e464        0xc 
 .text.nvOpen   0x000000000000e470      0x118 C:\devkitPro/libnx/lib\libnx.a(nv.o)
                0x000000000000e470                nvOpen
 *fill*         0x000000000000e588        0x8 
 .text.nvIoctl  0x000000000000e590      0x2bc C:\devkitPro/libnx/lib\libnx.a(nv.o)
                0x000000000000e590                nvIoctl
 *fill*         0x000000000000e84c        0x4 
 .text.nvClose  0x000000000000e850       0xd8 C:\devkitPro/libnx/lib\libnx.a(nv.o)
                0x000000000000e850                nvClose
 *fill*         0x000000000000e928        0x8 
 .text.nvQueryEvent
                0x000000000000e930      0x10c C:\devkitPro/libnx/lib\libnx.a(nv.o)
                0x000000000000e930                nvQueryEvent
 *fill*         0x000000000000ea3c        0x4 
 .text._timeCleanup
                0x000000000000ea40      0x228 C:\devkitPro/libnx/lib\libnx.a(time.o)
 *fill*         0x000000000000ec68        0x8 
 .text._timeCmdGetSession.constprop.0
                0x000000000000ec70      0x100 C:\devkitPro/libnx/lib\libnx.a(time.o)
 .text._timeGetSharedMemoryNativeHandle.constprop.0
                0x000000000000ed70       0xcc C:\devkitPro/libnx/lib\libnx.a(time.o)
 *fill*         0x000000000000ee3c        0x4 
 .text._timeCmdNoInOutU64.constprop.0.isra.0
                0x000000000000ee40       0xc4 C:\devkitPro/libnx/lib\libnx.a(time.o)
 *fill*         0x000000000000ef04        0xc 
 .text._timeReadClockFromSharedMem
                0x000000000000ef10      0x110 C:\devkitPro/libnx/lib\libnx.a(time.o)
 .text.timeInitialize
                0x000000000000f020      0x238 C:\devkitPro/libnx/lib\libnx.a(time.o)
                0x000000000000f020                timeInitialize
 *fill*         0x000000000000f258        0x8 
 .text.timeExit
                0x000000000000f260       0x44 C:\devkitPro/libnx/lib\libnx.a(time.o)
                0x000000000000f260                timeExit
 *fill*         0x000000000000f2a4        0xc 
 .text.timeGetServiceSession_SystemClock
                0x000000000000f2b0       0x38 C:\devkitPro/libnx/lib\libnx.a(time.o)
                0x000000000000f2b0                timeGetServiceSession_SystemClock
 *fill*         0x000000000000f2e8        0x8 
 .text.timeGetCurrentTime
                0x000000000000f2f0       0x68 C:\devkitPro/libnx/lib\libnx.a(time.o)
                0x000000000000f2f0                timeGetCurrentTime
 *fill*         0x000000000000f358        0x8 
 .text.timeToCalendarTimeWithMyRule
                0x000000000000f360      0x110 C:\devkitPro/libnx/lib\libnx.a(time.o)
                0x000000000000f360                timeToCalendarTimeWithMyRule
 .text.timeToPosixTimeWithMyRule
                0x000000000000f470      0x104 C:\devkitPro/libnx/lib\libnx.a(time.o)
                0x000000000000f470                timeToPosixTimeWithMyRule
 *fill*         0x000000000000f574        0xc 
 .text._nvFenceCleanup
                0x000000000000f580       0x7c C:\devkitPro/libnx/lib\libnx.a(fence.o)
 *fill*         0x000000000000f5fc        0x4 
 .text.nvFenceInit
                0x000000000000f600       0x98 C:\devkitPro/libnx/lib\libnx.a(fence.o)
                0x000000000000f600                nvFenceInit
 *fill*         0x000000000000f698        0x8 
 .text.nvFenceExit
                0x000000000000f6a0       0x44 C:\devkitPro/libnx/lib\libnx.a(fence.o)
                0x000000000000f6a0                nvFenceExit
 *fill*         0x000000000000f6e4        0xc 
 .text.nvFenceWait
                0x000000000000f6f0      0x24c C:\devkitPro/libnx/lib\libnx.a(fence.o)
                0x000000000000f6f0                nvFenceWait
 *fill*         0x000000000000f93c        0x4 
 .text.nvMultiFenceWait
                0x000000000000f940       0x74 C:\devkitPro/libnx/lib\libnx.a(fence.o)
                0x000000000000f940                nvMultiFenceWait
 *fill*         0x000000000000f9b4        0xc 
 .text.nvMapInit
                0x000000000000f9c0       0xb4 C:\devkitPro/libnx/lib\libnx.a(map.o)
                0x000000000000f9c0                nvMapInit
 *fill*         0x000000000000fa74        0xc 
 .text.nvMapExit
                0x000000000000fa80       0x6c C:\devkitPro/libnx/lib\libnx.a(map.o)
                0x000000000000fa80                nvMapExit
 *fill*         0x000000000000faec        0x4 
 .text.nvMapClose
                0x000000000000faf0       0x80 C:\devkitPro/libnx/lib\libnx.a(map.o)
                0x000000000000faf0                nvMapClose
 .text.nvMapCreate
                0x000000000000fb70      0x154 C:\devkitPro/libnx/lib\libnx.a(map.o)
                0x000000000000fb70                nvMapCreate
 *fill*         0x000000000000fcc4        0xc 
 .text.nvioctlNvhostCtrl_EventSignal
                0x000000000000fcd0       0x28 C:\devkitPro/libnx/lib\libnx.a(nvhost-ctrl.o)
                0x000000000000fcd0                nvioctlNvhostCtrl_EventSignal
 *fill*         0x000000000000fcf8        0x8 
 .text.nvioctlNvhostCtrl_EventWait
                0x000000000000fd00       0x44 C:\devkitPro/libnx/lib\libnx.a(nvhost-ctrl.o)
                0x000000000000fd00                nvioctlNvhostCtrl_EventWait
 *fill*         0x000000000000fd44        0xc 
 .text.nvioctlNvhostCtrl_EventWaitAsync
                0x000000000000fd50       0x30 C:\devkitPro/libnx/lib\libnx.a(nvhost-ctrl.o)
                0x000000000000fd50                nvioctlNvhostCtrl_EventWaitAsync
 .text.nvioctlNvhostCtrl_EventRegister
                0x000000000000fd80       0x28 C:\devkitPro/libnx/lib\libnx.a(nvhost-ctrl.o)
                0x000000000000fd80                nvioctlNvhostCtrl_EventRegister
 *fill*         0x000000000000fda8        0x8 
 .text.nvioctlNvhostCtrl_EventUnregister
                0x000000000000fdb0       0x28 C:\devkitPro/libnx/lib\libnx.a(nvhost-ctrl.o)
                0x000000000000fdb0                nvioctlNvhostCtrl_EventUnregister
 *fill*         0x000000000000fdd8        0x8 
 .text.nvioctlNvmap_Create
                0x000000000000fde0       0x40 C:\devkitPro/libnx/lib\libnx.a(nvmap.o)
                0x000000000000fde0                nvioctlNvmap_Create
 .text.nvioctlNvmap_Alloc
                0x000000000000fe20       0x38 C:\devkitPro/libnx/lib\libnx.a(nvmap.o)
                0x000000000000fe20                nvioctlNvmap_Alloc
 *fill*         0x000000000000fe58        0x8 
 .text.nvioctlNvmap_Free
                0x000000000000fe60       0x34 C:\devkitPro/libnx/lib\libnx.a(nvmap.o)
                0x000000000000fe60                nvioctlNvmap_Free
 *fill*         0x000000000000fe94        0xc 
 .text.nvioctlNvmap_GetId
                0x000000000000fea0       0x40 C:\devkitPro/libnx/lib\libnx.a(nvmap.o)
                0x000000000000fea0                nvioctlNvmap_GetId
 .text.bqRequestBuffer
                0x000000000000fee0       0xd8 C:\devkitPro/libnx/lib\libnx.a(buffer_producer.o)
                0x000000000000fee0                bqRequestBuffer
 *fill*         0x000000000000ffb8        0x8 
 .text.bqDequeueBuffer
                0x000000000000ffc0      0x160 C:\devkitPro/libnx/lib\libnx.a(buffer_producer.o)
                0x000000000000ffc0                bqDequeueBuffer
 .text.bqQueueBuffer
                0x0000000000010120       0xdc C:\devkitPro/libnx/lib\libnx.a(buffer_producer.o)
                0x0000000000010120                bqQueueBuffer
 *fill*         0x00000000000101fc        0x4 
 .text.bqCancelBuffer
                0x0000000000010200       0x94 C:\devkitPro/libnx/lib\libnx.a(buffer_producer.o)
                0x0000000000010200                bqCancelBuffer
 *fill*         0x0000000000010294        0xc 
 .text.bqConnect
                0x00000000000102a0       0xe4 C:\devkitPro/libnx/lib\libnx.a(buffer_producer.o)
                0x00000000000102a0                bqConnect
 *fill*         0x0000000000010384        0xc 
 .text.bqDisconnect
                0x0000000000010390       0x9c C:\devkitPro/libnx/lib\libnx.a(buffer_producer.o)
                0x0000000000010390                bqDisconnect
 *fill*         0x000000000001042c        0x4 
 .text.bqSetPreallocatedBuffer
                0x0000000000010430      0x174 C:\devkitPro/libnx/lib\libnx.a(buffer_producer.o)
                0x0000000000010430                bqSetPreallocatedBuffer
 *fill*         0x00000000000105a4        0xc 
 .text.binderCreate
                0x00000000000105b0       0x1c C:\devkitPro/libnx/lib\libnx.a(binder.o)
                0x00000000000105b0                binderCreate
 *fill*         0x00000000000105cc        0x4 
 .text.binderTransactParcel
                0x00000000000105d0      0x3c4 C:\devkitPro/libnx/lib\libnx.a(binder.o)
                0x00000000000105d0                binderTransactParcel
 *fill*         0x0000000000010994        0xc 
 .text.binderConvertErrorCode
                0x00000000000109a0       0xec C:\devkitPro/libnx/lib\libnx.a(binder.o)
                0x00000000000109a0                binderConvertErrorCode
 *fill*         0x0000000000010a8c        0x4 
 .text.binderAdjustRefcount
                0x0000000000010a90      0x124 C:\devkitPro/libnx/lib\libnx.a(binder.o)
                0x0000000000010a90                binderAdjustRefcount
 *fill*         0x0000000000010bb4        0xc 
 .text.binderInitSession
                0x0000000000010bc0       0x98 C:\devkitPro/libnx/lib\libnx.a(binder.o)
                0x0000000000010bc0                binderInitSession
 *fill*         0x0000000000010c58        0x8 
 .text.binderClose
                0x0000000000010c60       0x68 C:\devkitPro/libnx/lib\libnx.a(binder.o)
                0x0000000000010c60                binderClose
 *fill*         0x0000000000010cc8        0x8 
 .text.binderGetNativeHandle
                0x0000000000010cd0      0x158 C:\devkitPro/libnx/lib\libnx.a(binder.o)
                0x0000000000010cd0                binderGetNativeHandle
 *fill*         0x0000000000010e28        0x8 
 .text.parcelCreate
                0x0000000000010e30       0x30 C:\devkitPro/libnx/lib\libnx.a(parcel.o)
                0x0000000000010e30                parcelCreate
 .text.parcelTransact
                0x0000000000010e60      0x19c C:\devkitPro/libnx/lib\libnx.a(parcel.o)
                0x0000000000010e60                parcelTransact
 *fill*         0x0000000000010ffc        0x4 
 .text.parcelWriteData
                0x0000000000011000       0x88 C:\devkitPro/libnx/lib\libnx.a(parcel.o)
                0x0000000000011000                parcelWriteData
 *fill*         0x0000000000011088        0x8 
 .text.parcelReadData
                0x0000000000011090       0x98 C:\devkitPro/libnx/lib\libnx.a(parcel.o)
                0x0000000000011090                parcelReadData
 *fill*         0x0000000000011128        0x8 
 .text.parcelWriteInt32
                0x0000000000011130       0x20 C:\devkitPro/libnx/lib\libnx.a(parcel.o)
                0x0000000000011130                parcelWriteInt32
 .text.parcelWriteUInt32
                0x0000000000011150       0x20 C:\devkitPro/libnx/lib\libnx.a(parcel.o)
                0x0000000000011150                parcelWriteUInt32
 .text.parcelWriteString16
                0x0000000000011170       0x7c C:\devkitPro/libnx/lib\libnx.a(parcel.o)
                0x0000000000011170                parcelWriteString16
 *fill*         0x00000000000111ec        0x4 
 .text.parcelWriteInterfaceToken
                0x00000000000111f0       0x30 C:\devkitPro/libnx/lib\libnx.a(parcel.o)
                0x00000000000111f0                parcelWriteInterfaceToken
 .text.parcelReadInt32
                0x0000000000011220       0x24 C:\devkitPro/libnx/lib\libnx.a(parcel.o)
                0x0000000000011220                parcelReadInt32
 *fill*         0x0000000000011244        0xc 
 .text.parcelReadFlattenedObject
                0x0000000000011250       0x68 C:\devkitPro/libnx/lib\libnx.a(parcel.o)
                0x0000000000011250                parcelReadFlattenedObject
 *fill*         0x00000000000112b8        0x8 
 .text.parcelWriteFlattenedObject
                0x00000000000112c0       0x4c C:\devkitPro/libnx/lib\libnx.a(parcel.o)
                0x00000000000112c0                parcelWriteFlattenedObject
 *fill*         0x000000000001130c        0x4 
 .text.nxlinkSetup
                0x0000000000011310       0xc4 C:\devkitPro/libnx/lib\libnx.a(nxlink.o)
                0x0000000000011310                nxlinkSetup
 *fill*         0x00000000000113d4        0xc 
 .text.sessionmgrCreate
                0x00000000000113e0      0x178 C:\devkitPro/libnx/lib\libnx.a(sessionmgr.o)
                0x00000000000113e0                sessionmgrCreate
 *fill*         0x0000000000011558        0x8 
 .text.sessionmgrClose
                0x0000000000011560       0x84 C:\devkitPro/libnx/lib\libnx.a(sessionmgr.o)
                0x0000000000011560                sessionmgrClose
 *fill*         0x00000000000115e4        0xc 
 .text.sessionmgrAttachClient
                0x00000000000115f0       0xb4 C:\devkitPro/libnx/lib\libnx.a(sessionmgr.o)
                0x00000000000115f0                sessionmgrAttachClient
 *fill*         0x00000000000116a4        0xc 
 .text.sessionmgrDetachClient
                0x00000000000116b0       0x70 C:\devkitPro/libnx/lib\libnx.a(sessionmgr.o)
                0x00000000000116b0                sessionmgrDetachClient
 .text.aligned_alloc
                0x0000000000011720       0x2c c:/devkitpro/devkita64/bin/../lib/gcc/aarch64-none-elf/12.1.0/../../../../aarch64-none-elf/lib/pic\libg.a(lib_a-aligned_alloc.o)
                0x0000000000011720                aligned_alloc
 *fill*         0x000000000001174c        0x4 
 .text.bsearch  0x0000000000011750       0xb8 c:/devkitpro/devkita64/bin/../lib/gcc/aarch64-none-elf/12.1.0/../../../../aarch64-none-elf/lib/pic\libg.a(lib_a-bsearch.o)
                0x0000000000011750                bsearch
 *fill*         0x0000000000011808        0x8 
 .text.__errno  0x0000000000011810       0x14 c:/devkitpro/devkita64/bin/../lib/gcc/aarch64-none-elf/12.1.0/../../../../aarch64-none-elf/lib/pic\libg.a(lib_a-errno.o)
                0x0000000000011810                __errno
 *fill*         0x0000000000011824        0xc 
 .text.__libc_fini_array
                0x0000000000011830       0x44 c:/devkitpro/devkita64/bin/../lib/gcc/aarch64-none-elf/12.1.0/../../../../aarch64-none-elf/lib/pic\libg.a(lib_a-fini.o)
                0x0000000000011830                __libc_fini_array
 *fill*         0x0000000000011874        0xc 
 .text.gmtime   0x0000000000011880       0x2c c:/devkitpro/devkita64/bin/../lib/gcc/aarch64-none-elf/12.1.0/../../../../aarch64-none-elf/lib/pic\libg.a(lib_a-gmtime.o)
                0x0000000000011880                gmtime
 *fill*         0x00000000000118ac        0x4 
 .text.gmtime_r
                0x00000000000118b0      0x2a0 c:/devkitpro/devkita64/bin/../lib/gcc/aarch64-none-elf/12.1.0/../../../../aarch64-none-elf/lib/pic\libg.a(lib_a-gmtime_r.o)
                0x00000000000118b0                gmtime_r
 .text.__libc_init_array
                0x0000000000011b50       0x94 c:/devkitpro/devkita64/bin/../lib/gcc/aarch64-none-elf/12.1.0/../../../../aarch64-none-elf/lib/pic\libg.a(lib_a-init.o)
                0x0000000000011b50                __libc_init_array
 *fill*         0x0000000000011be4        0xc 
 .text._memalign_r
                0x0000000000011bf0      0x180 c:/devkitpro/devkita64/bin/../lib/gcc/aarch64-none-elf/12.1.0/../../../../aarch64-none-elf/lib/pic\libg.a(lib_a-malignr.o)
                0x0000000000011bf0                _memalign_r
 .text.malloc   0x0000000000011d70       0x24 c:/devkitpro/devkita64/bin/../lib/gcc/aarch64-none-elf/12.1.0/../../../../aarch64-none-elf/lib/pic\libg.a(lib_a-malloc.o)
                0x0000000000011d70                malloc
 *fill*         0x0000000000011d94        0xc 
 .text.free     0x0000000000011da0       0x24 c:/devkitpro/devkita64/bin/../lib/gcc/aarch64-none-elf/12.1.0/../../../../aarch64-none-elf/lib/pic\libg.a(lib_a-malloc.o)
                0x0000000000011da0                free
 *fill*         0x0000000000011dc4        0xc 
 .text._malloc_r
                0x0000000000011dd0      0x830 c:/devkitpro/devkita64/bin/../lib/gcc/aarch64-none-elf/12.1.0/../../../../aarch64-none-elf/lib/pic\libg.a(lib_a-mallocr.o)
                0x0000000000011dd0                _malloc_r
 .text          0x0000000000012600       0xd8 c:/devkitpro/devkita64/bin/../lib/gcc/aarch64-none-elf/12.1.0/../../../../aarch64-none-elf/lib/pic\libg.a(lib_a-memchr.o)
                0x0000000000012600                memchr
 *fill*         0x00000000000126d8       0x28 
 .text          0x0000000000012700      0x16c c:/devkitpro/devkita64/bin/../lib/gcc/aarch64-none-elf/12.1.0/../../../../aarch64-none-elf/lib/pic\libg.a(lib_a-memcpy.o)
                0x0000000000012700                memcpy
 *fill*         0x000000000001286c       0x14 
 .text          0x0000000000012880      0x1dc c:/devkitpro/devkita64/bin/../lib/gcc/aarch64-none-elf/12.1.0/../../../../aarch64-none-elf/lib/pic\libg.a(lib_a-memset.o)
                0x0000000000012880                memset
 *fill*         0x0000000000012a5c        0x4 
 .text.__malloc_lock
                0x0000000000012a60        0xc c:/devkitpro/devkita64/bin/../lib/gcc/aarch64-none-elf/12.1.0/../../../../aarch64-none-elf/lib/pic\libg.a(lib_a-mlock.o)
                0x0000000000012a60                __malloc_lock
 *fill*         0x0000000000012a6c        0x4 
 .text.__malloc_unlock
                0x0000000000012a70        0xc c:/devkitpro/devkita64/bin/../lib/gcc/aarch64-none-elf/12.1.0/../../../../aarch64-none-elf/lib/pic\libg.a(lib_a-mlock.o)
                0x0000000000012a70                __malloc_unlock
 *fill*         0x0000000000012a7c        0x4 
 .text._puts_r  0x0000000000012a80       0xd0 c:/devkitpro/devkita64/bin/../lib/gcc/aarch64-none-elf/12.1.0/../../../../aarch64-none-elf/lib/pic\libg.a(lib_a-puts.o)
                0x0000000000012a80                _puts_r
 .text.puts     0x0000000000012b50       0x24 c:/devkitpro/devkita64/bin/../lib/gcc/aarch64-none-elf/12.1.0/../../../../aarch64-none-elf/lib/pic\libg.a(lib_a-puts.o)
                0x0000000000012b50                puts
 *fill*         0x0000000000012b74        0xc 
 .text.setenv   0x0000000000012b80       0x3c c:/devkitpro/devkita64/bin/../lib/gcc/aarch64-none-elf/12.1.0/../../../../aarch64-none-elf/lib/pic\libg.a(lib_a-setenv.o)
                0x0000000000012b80                setenv
 *fill*         0x0000000000012bbc        0x4 
 .text._setenv_r
                0x0000000000012bc0      0x254 c:/devkitpro/devkita64/bin/../lib/gcc/aarch64-none-elf/12.1.0/../../../../aarch64-none-elf/lib/pic\libg.a(lib_a-setenv_r.o)
                0x0000000000012bc0                _setenv_r
 *fill*         0x0000000000012e14        0xc 
 .text.setvbuf  0x0000000000012e20      0x250 c:/devkitpro/devkita64/bin/../lib/gcc/aarch64-none-elf/12.1.0/../../../../aarch64-none-elf/lib/pic\libg.a(lib_a-setvbuf.o)
                0x0000000000012e20                setvbuf
 .text.sscanf   0x0000000000013070       0xbc c:/devkitpro/devkita64/bin/../lib/gcc/aarch64-none-elf/12.1.0/../../../../aarch64-none-elf/lib/pic\libg.a(lib_a-sscanf.o)
                0x0000000000013070                sscanf
 *fill*         0x000000000001312c        0x4 
 .text.__sread  0x0000000000013130       0x50 c:/devkitpro/devkita64/bin/../lib/gcc/aarch64-none-elf/12.1.0/../../../../aarch64-none-elf/lib/pic\libg.a(lib_a-stdio.o)
                0x0000000000013130                __sread
 .text.__seofread
                0x0000000000013180        0x8 c:/devkitpro/devkita64/bin/../lib/gcc/aarch64-none-elf/12.1.0/../../../../aarch64-none-elf/lib/pic\libg.a(lib_a-stdio.o)
                0x0000000000013180                __seofread
 *fill*         0x0000000000013188        0x8 
 .text.__swrite
                0x0000000000013190       0x6c c:/devkitpro/devkita64/bin/../lib/gcc/aarch64-none-elf/12.1.0/../../../../aarch64-none-elf/lib/pic\libg.a(lib_a-stdio.o)
                0x0000000000013190                __swrite
 *fill*         0x00000000000131fc        0x4 
 .text.__sseek  0x0000000000013200       0x50 c:/devkitpro/devkita64/bin/../lib/gcc/aarch64-none-elf/12.1.0/../../../../aarch64-none-elf/lib/pic\libg.a(lib_a-stdio.o)
                0x0000000000013200                __sseek
 .text.__sclose
                0x0000000000013250        0x8 c:/devkitpro/devkita64/bin/../lib/gcc/aarch64-none-elf/12.1.0/../../../../aarch64-none-elf/lib/pic\libg.a(lib_a-stdio.o)
                0x0000000000013250                __sclose
 .text          0x0000000000013258       0xdc c:/devkitpro/devkita64/bin/../lib/gcc/aarch64-none-elf/12.1.0/../../../../aarch64-none-elf/lib/pic\libg.a(lib_a-strchr.o)
                0x0000000000013258                strchr
 *fill*         0x0000000000013334        0xc 
 .text          0x0000000000013340       0xe4 c:/devkitpro/devkita64/bin/../lib/gcc/aarch64-none-elf/12.1.0/../../../../aarch64-none-elf/lib/pic\libg.a(lib_a-strcmp.o)
                0x0000000000013340                strcmp
 *fill*         0x0000000000013424       0x1c 
 .text          0x0000000000013440      0x140 c:/devkitpro/devkita64/bin/../lib/gcc/aarch64-none-elf/12.1.0/../../../../aarch64-none-elf/lib/pic\libg.a(lib_a-strlen.o)
                0x0000000000013440                strlen
 .text.strncat  0x0000000000013580       0x78 c:/devkitpro/devkita64/bin/../lib/gcc/aarch64-none-elf/12.1.0/../../../../aarch64-none-elf/lib/pic\libg.a(lib_a-strncat.o)
                0x0000000000013580                strncat
 *fill*         0x00000000000135f8        0x8 
 .text          0x0000000000013600      0x1d4 c:/devkitpro/devkita64/bin/../lib/gcc/aarch64-none-elf/12.1.0/../../../../aarch64-none-elf/lib/pic\libg.a(lib_a-strncmp.o)
                0x000000000001361c                strncmp
 *fill*         0x00000000000137d4        0xc 
 .text.strncpy  0x00000000000137e0       0x90 c:/devkitpro/devkita64/bin/../lib/gcc/aarch64-none-elf/12.1.0/../../../../aarch64-none-elf/lib/pic\libg.a(lib_a-strncpy.o)
                0x00000000000137e0                strncpy
 *fill*         0x0000000000013870       0x10 
 .text          0x0000000000013880       0xe0 c:/devkitpro/devkita64/bin/../lib/gcc/aarch64-none-elf/12.1.0/../../../../aarch64-none-elf/lib/pic\libg.a(lib_a-strnlen.o)
                0x00000000000138a4                strnlen
 .text._strtoul_l.constprop.0
                0x0000000000013960      0x198 c:/devkitpro/devkita64/bin/../lib/gcc/aarch64-none-elf/12.1.0/../../../../aarch64-none-elf/lib/pic\libg.a(lib_a-strtoul.o)
 *fill*         0x0000000000013af8        0x8 
 .text._strtoul_r
                0x0000000000013b00       0x44 c:/devkitpro/devkita64/bin/../lib/gcc/aarch64-none-elf/12.1.0/../../../../aarch64-none-elf/lib/pic\libg.a(lib_a-strtoul.o)
                0x0000000000013b00                _strtoul_r
 *fill*         0x0000000000013b44        0xc 
 .text.strtoul  0x0000000000013b50       0x48 c:/devkitpro/devkita64/bin/../lib/gcc/aarch64-none-elf/12.1.0/../../../../aarch64-none-elf/lib/pic\libg.a(lib_a-strtoul.o)
                0x0000000000013b50                strtoul
 .text.get_arg  0x0000000000013b98       0x74 c:/devkitpro/devkita64/bin/../lib/gcc/aarch64-none-elf/12.1.0/../../../../aarch64-none-elf/lib/pic\libg.a(lib_a-svfscanf.o)
 .text.__ssvfscanf_r
                0x0000000000013c0c     0x30ec c:/devkitpro/devkita64/bin/../lib/gcc/aarch64-none-elf/12.1.0/../../../../aarch64-none-elf/lib/pic\libg.a(lib_a-svfscanf.o)
                0x0000000000013c0c                __ssvfscanf_r
 *fill*         0x0000000000016cf8        0x8 
 .text.__call_exitprocs
                0x0000000000016d00      0x124 c:/devkitpro/devkita64/bin/../lib/gcc/aarch64-none-elf/12.1.0/../../../../aarch64-none-elf/lib/pic\libg.a(lib_a-__call_atexit.o)
                0x0000000000016d00                __call_exitprocs
 *fill*         0x0000000000016e24        0xc 
 .text.__env_lock
                0x0000000000016e30        0xc c:/devkitpro/devkita64/bin/../lib/gcc/aarch64-none-elf/12.1.0/../../../../aarch64-none-elf/lib/pic\libg.a(lib_a-envlock.o)
                0x0000000000016e30                __env_lock
 *fill*         0x0000000000016e3c        0x4 
 .text.__env_unlock
                0x0000000000016e40        0xc c:/devkitpro/devkita64/bin/../lib/gcc/aarch64-none-elf/12.1.0/../../../../aarch64-none-elf/lib/pic\libg.a(lib_a-envlock.o)
                0x0000000000016e40                __env_unlock
 *fill*         0x0000000000016e4c        0x4 
 .text.__sflush_r
                0x0000000000016e50      0x208 c:/devkitpro/devkita64/bin/../lib/gcc/aarch64-none-elf/12.1.0/../../../../aarch64-none-elf/lib/pic\libg.a(lib_a-fflush.o)
                0x0000000000016e50                __sflush_r
 *fill*         0x0000000000017058        0x8 
 .text._fflush_r
                0x0000000000017060       0xb8 c:/devkitpro/devkita64/bin/../lib/gcc/aarch64-none-elf/12.1.0/../../../../aarch64-none-elf/lib/pic\libg.a(lib_a-fflush.o)
                0x0000000000017060                _fflush_r
 *fill*         0x0000000000017118        0x8 
 .text._cleanup_r
                0x0000000000017120        0xc c:/devkitpro/devkita64/bin/../lib/gcc/aarch64-none-elf/12.1.0/../../../../aarch64-none-elf/lib/pic\libg.a(lib_a-findfp.o)
                0x0000000000017120                _cleanup_r
 *fill*         0x000000000001712c        0x4 
 .text.__sfp_lock_acquire
                0x0000000000017130        0xc c:/devkitpro/devkita64/bin/../lib/gcc/aarch64-none-elf/12.1.0/../../../../aarch64-none-elf/lib/pic\libg.a(lib_a-findfp.o)
                0x0000000000017130                __sfp_lock_acquire
 *fill*         0x000000000001713c        0x4 
 .text.__sfp_lock_release
                0x0000000000017140        0xc c:/devkitpro/devkita64/bin/../lib/gcc/aarch64-none-elf/12.1.0/../../../../aarch64-none-elf/lib/pic\libg.a(lib_a-findfp.o)
                0x0000000000017140                __sfp_lock_release
 *fill*         0x000000000001714c        0x4 
 .text.__sinit_lock_acquire
                0x0000000000017150        0xc c:/devkitpro/devkita64/bin/../lib/gcc/aarch64-none-elf/12.1.0/../../../../aarch64-none-elf/lib/pic\libg.a(lib_a-findfp.o)
                0x0000000000017150                __sinit_lock_acquire
 *fill*         0x000000000001715c        0x4 
 .text.__sinit_lock_release
                0x0000000000017160        0xc c:/devkitpro/devkita64/bin/../lib/gcc/aarch64-none-elf/12.1.0/../../../../aarch64-none-elf/lib/pic\libg.a(lib_a-findfp.o)
                0x0000000000017160                __sinit_lock_release
 *fill*         0x000000000001716c        0x4 
 .text.__sinit  0x0000000000017170      0x160 c:/devkitpro/devkita64/bin/../lib/gcc/aarch64-none-elf/12.1.0/../../../../aarch64-none-elf/lib/pic\libg.a(lib_a-findfp.o)
                0x0000000000017170                __sinit
 .text._malloc_trim_r
                0x00000000000172d0      0x124 c:/devkitpro/devkita64/bin/../lib/gcc/aarch64-none-elf/12.1.0/../../../../aarch64-none-elf/lib/pic\libg.a(lib_a-freer.o)
                0x00000000000172d0                _malloc_trim_r
 *fill*         0x00000000000173f4        0xc 
 .text._free_r  0x0000000000017400      0x2d8 c:/devkitpro/devkita64/bin/../lib/gcc/aarch64-none-elf/12.1.0/../../../../aarch64-none-elf/lib/pic\libg.a(lib_a-freer.o)
                0x0000000000017400                _free_r
 *fill*         0x00000000000176d8        0x8 
 .text.__sfvwrite_r
                0x00000000000176e0      0x4cc c:/devkitpro/devkita64/bin/../lib/gcc/aarch64-none-elf/12.1.0/../../../../aarch64-none-elf/lib/pic\libg.a(lib_a-fvwrite.o)
                0x00000000000176e0                __sfvwrite_r
 *fill*         0x0000000000017bac        0x4 
 .text._fwalk_reent
                0x0000000000017bb0       0xa0 c:/devkitpro/devkita64/bin/../lib/gcc/aarch64-none-elf/12.1.0/../../../../aarch64-none-elf/lib/pic\libg.a(lib_a-fwalk.o)
                0x0000000000017bb0                _fwalk_reent
 .text._findenv_r
                0x0000000000017c50       0xfc c:/devkitpro/devkita64/bin/../lib/gcc/aarch64-none-elf/12.1.0/../../../../aarch64-none-elf/lib/pic\libg.a(lib_a-getenv_r.o)
                0x0000000000017c50                _findenv_r
 *fill*         0x0000000000017d4c        0x4 
 .text.iswspace
                0x0000000000017d50        0x8 c:/devkitpro/devkita64/bin/../lib/gcc/aarch64-none-elf/12.1.0/../../../../aarch64-none-elf/lib/pic\libg.a(lib_a-iswspace.o)
                0x0000000000017d50                iswspace
 *fill*         0x0000000000017d58        0x8 
 .text.__localeconv_l
                0x0000000000017d60        0x8 c:/devkitpro/devkita64/bin/../lib/gcc/aarch64-none-elf/12.1.0/../../../../aarch64-none-elf/lib/pic\libg.a(lib_a-localeconv.o)
                0x0000000000017d60                __localeconv_l
 *fill*         0x0000000000017d68        0x8 
 .text._localeconv_r
                0x0000000000017d70       0x28 c:/devkitpro/devkita64/bin/../lib/gcc/aarch64-none-elf/12.1.0/../../../../aarch64-none-elf/lib/pic\libg.a(lib_a-localeconv.o)
                0x0000000000017d70                _localeconv_r
 *fill*         0x0000000000017d98        0x8 
 .text.__locale_mb_cur_max
                0x0000000000017da0       0x2c c:/devkitpro/devkita64/bin/../lib/gcc/aarch64-none-elf/12.1.0/../../../../aarch64-none-elf/lib/pic\libg.a(lib_a-locale.o)
                0x0000000000017da0                __locale_mb_cur_max
 *fill*         0x0000000000017dcc        0x4 
 .text.__swhatbuf_r
                0x0000000000017dd0       0x94 c:/devkitpro/devkita64/bin/../lib/gcc/aarch64-none-elf/12.1.0/../../../../aarch64-none-elf/lib/pic\libg.a(lib_a-makebuf.o)
                0x0000000000017dd0                __swhatbuf_r
 *fill*         0x0000000000017e64        0xc 
 .text.__smakebuf_r
                0x0000000000017e70      0x110 c:/devkitpro/devkita64/bin/../lib/gcc/aarch64-none-elf/12.1.0/../../../../aarch64-none-elf/lib/pic\libg.a(lib_a-makebuf.o)
                0x0000000000017e70                __smakebuf_r
 .text._mbrtowc_r
                0x0000000000017f80       0xf0 c:/devkitpro/devkita64/bin/../lib/gcc/aarch64-none-elf/12.1.0/../../../../aarch64-none-elf/lib/pic\libg.a(lib_a-mbrtowc.o)
                0x0000000000017f80                _mbrtowc_r
 .text.__utf8_mbtowc
                0x0000000000018070      0x2b8 c:/devkitpro/devkita64/bin/../lib/gcc/aarch64-none-elf/12.1.0/../../../../aarch64-none-elf/lib/pic\libg.a(lib_a-mbtowc_r.o)
                0x0000000000018070                __utf8_mbtowc
 *fill*         0x0000000000018328       0x18 
 .text          0x0000000000018340       0xac c:/devkitpro/devkita64/bin/../lib/gcc/aarch64-none-elf/12.1.0/../../../../aarch64-none-elf/lib/pic\libg.a(lib_a-memmove.o)
                0x0000000000018340                memmove
 *fill*         0x00000000000183ec        0x4 
 .text.realloc  0x00000000000183f0       0x2c c:/devkitpro/devkita64/bin/../lib/gcc/aarch64-none-elf/12.1.0/../../../../aarch64-none-elf/lib/pic\libg.a(lib_a-realloc.o)
                0x00000000000183f0                realloc
 *fill*         0x000000000001841c        0x4 
 .text._realloc_r
                0x0000000000018420      0x524 c:/devkitpro/devkita64/bin/../lib/gcc/aarch64-none-elf/12.1.0/../../../../aarch64-none-elf/lib/pic\libg.a(lib_a-reallocr.o)
                0x0000000000018420                _realloc_r
 *fill*         0x0000000000018944        0xc 
 .text.__sccl   0x0000000000018950       0xd4 c:/devkitpro/devkita64/bin/../lib/gcc/aarch64-none-elf/12.1.0/../../../../aarch64-none-elf/lib/pic\libg.a(lib_a-sccl.o)
                0x0000000000018950                __sccl
 *fill*         0x0000000000018a24        0xc 
 .text.nanf     0x0000000000018a30        0xc c:/devkitpro/devkita64/bin/../lib/gcc/aarch64-none-elf/12.1.0/../../../../aarch64-none-elf/lib/pic\libg.a(lib_a-sf_nan.o)
                0x0000000000018a30                nanf
 *fill*         0x0000000000018a3c        0x4 
 .text.sprintf  0x0000000000018a40       0xa8 c:/devkitpro/devkita64/bin/../lib/gcc/aarch64-none-elf/12.1.0/../../../../aarch64-none-elf/lib/pic\libg.a(lib_a-sprintf.o)
                0x0000000000018a40                sprintf
 *fill*         0x0000000000018ae8        0x8 
 .text.stpncpy  0x0000000000018af0       0x98 c:/devkitpro/devkita64/bin/../lib/gcc/aarch64-none-elf/12.1.0/../../../../aarch64-none-elf/lib/pic\libg.a(lib_a-stpncpy.o)
                0x0000000000018af0                stpncpy
 *fill*         0x0000000000018b88        0x8 
 .text.sulp     0x0000000000018b90       0x54 c:/devkitpro/devkita64/bin/../lib/gcc/aarch64-none-elf/12.1.0/../../../../aarch64-none-elf/lib/pic\libg.a(lib_a-strtod.o)
 *fill*         0x0000000000018be4        0xc 
 .text._strtod_l
                0x0000000000018bf0     0x1164 c:/devkitpro/devkita64/bin/../lib/gcc/aarch64-none-elf/12.1.0/../../../../aarch64-none-elf/lib/pic\libg.a(lib_a-strtod.o)
                0x0000000000018bf0                _strtod_l
 *fill*         0x0000000000019d54        0xc 
 .text._strtod_r
                0x0000000000019d60       0x50 c:/devkitpro/devkita64/bin/../lib/gcc/aarch64-none-elf/12.1.0/../../../../aarch64-none-elf/lib/pic\libg.a(lib_a-strtod.o)
                0x0000000000019d60                _strtod_r
 .text._strtoll_l.constprop.0
                0x0000000000019db0      0x188 c:/devkitpro/devkita64/bin/../lib/gcc/aarch64-none-elf/12.1.0/../../../../aarch64-none-elf/lib/pic\libg.a(lib_a-strtoll.o)
 *fill*         0x0000000000019f38        0x8 
 .text._strtoll_r
                0x0000000000019f40       0x44 c:/devkitpro/devkita64/bin/../lib/gcc/aarch64-none-elf/12.1.0/../../../../aarch64-none-elf/lib/pic\libg.a(lib_a-strtoll.o)
                0x0000000000019f40                _strtoll_r
 *fill*         0x0000000000019f84        0xc 
 .text._strtol_l.part.0
                0x0000000000019f90      0x188 c:/devkitpro/devkita64/bin/../lib/gcc/aarch64-none-elf/12.1.0/../../../../aarch64-none-elf/lib/pic\libg.a(lib_a-strtol.o)
 *fill*         0x000000000001a118        0x8 
 .text._strtol_r
                0x000000000001a120       0x70 c:/devkitpro/devkita64/bin/../lib/gcc/aarch64-none-elf/12.1.0/../../../../aarch64-none-elf/lib/pic\libg.a(lib_a-strtol.o)
                0x000000000001a120                _strtol_r
 .text._strtoull_l.constprop.0
                0x000000000001a190      0x198 c:/devkitpro/devkita64/bin/../lib/gcc/aarch64-none-elf/12.1.0/../../../../aarch64-none-elf/lib/pic\libg.a(lib_a-strtoull.o)
 *fill*         0x000000000001a328        0x8 
 .text._strtoull_r
                0x000000000001a330       0x44 c:/devkitpro/devkita64/bin/../lib/gcc/aarch64-none-elf/12.1.0/../../../../aarch64-none-elf/lib/pic\libg.a(lib_a-strtoull.o)
                0x000000000001a330                _strtoull_r
 .text._sungetc_r
                0x000000000001a374       0xe8 c:/devkitpro/devkita64/bin/../lib/gcc/aarch64-none-elf/12.1.0/../../../../aarch64-none-elf/lib/pic\libg.a(lib_a-svfiscanf.o)
                0x000000000001a374                _sungetc_r
 .text.__ssrefill_r
                0x000000000001a45c       0x70 c:/devkitpro/devkita64/bin/../lib/gcc/aarch64-none-elf/12.1.0/../../../../aarch64-none-elf/lib/pic\libg.a(lib_a-svfiscanf.o)
                0x000000000001a45c                __ssrefill_r
 .text._sfread_r
                0x000000000001a4cc       0xe0 c:/devkitpro/devkita64/bin/../lib/gcc/aarch64-none-elf/12.1.0/../../../../aarch64-none-elf/lib/pic\libg.a(lib_a-svfiscanf.o)
                0x000000000001a4cc                _sfread_r
 .text.get_arg  0x000000000001a5ac      0x804 c:/devkitpro/devkita64/bin/../lib/gcc/aarch64-none-elf/12.1.0/../../../../aarch64-none-elf/lib/pic\libg.a(lib_a-svfprintf.o)
 .text._svfprintf_r
                0x000000000001adb0     0x3bec c:/devkitpro/devkita64/bin/../lib/gcc/aarch64-none-elf/12.1.0/../../../../aarch64-none-elf/lib/pic\libg.a(lib_a-svfprintf.o)
                0x000000000001adb0                _svfprintf_r
 *fill*         0x000000000001e99c        0x4 
 .text.__submore
                0x000000000001e9a0       0xb8 c:/devkitpro/devkita64/bin/../lib/gcc/aarch64-none-elf/12.1.0/../../../../aarch64-none-elf/lib/pic\libg.a(lib_a-ungetc.o)
                0x000000000001e9a0                __submore
 *fill*         0x000000000001ea58        0x8 
 .text._wcrtomb_r
                0x000000000001ea60       0xd8 c:/devkitpro/devkita64/bin/../lib/gcc/aarch64-none-elf/12.1.0/../../../../aarch64-none-elf/lib/pic\libg.a(lib_a-wcrtomb.o)
                0x000000000001ea60                _wcrtomb_r
 *fill*         0x000000000001eb38        0x8 
 .text._wcsrtombs_r
                0x000000000001eb40       0x10 c:/devkitpro/devkita64/bin/../lib/gcc/aarch64-none-elf/12.1.0/../../../../aarch64-none-elf/lib/pic\libg.a(lib_a-wcsrtombs.o)
                0x000000000001eb40                _wcsrtombs_r
 .text.__utf8_wctomb
                0x000000000001eb50       0xe4 c:/devkitpro/devkita64/bin/../lib/gcc/aarch64-none-elf/12.1.0/../../../../aarch64-none-elf/lib/pic\libg.a(lib_a-wctomb_r.o)
                0x000000000001eb50                __utf8_wctomb
 *fill*         0x000000000001ec34        0xc 
 .text.__swsetup_r
                0x000000000001ec40      0x128 c:/devkitpro/devkita64/bin/../lib/gcc/aarch64-none-elf/12.1.0/../../../../aarch64-none-elf/lib/pic\libg.a(lib_a-wsetup.o)
                0x000000000001ec40                __swsetup_r
 *fill*         0x000000000001ed68        0x8 
 .text.quorem   0x000000000001ed70      0x1a4 c:/devkitpro/devkita64/bin/../lib/gcc/aarch64-none-elf/12.1.0/../../../../aarch64-none-elf/lib/pic\libg.a(lib_a-dtoa.o)
 *fill*         0x000000000001ef14        0xc 
 .text._dtoa_r  0x000000000001ef20     0x1168 c:/devkitpro/devkita64/bin/../lib/gcc/aarch64-none-elf/12.1.0/../../../../aarch64-none-elf/lib/pic\libg.a(lib_a-dtoa.o)
                0x000000000001ef20                _dtoa_r
 *fill*         0x0000000000020088        0x8 
 .text._fclose_r
                0x0000000000020090      0x150 c:/devkitpro/devkita64/bin/../lib/gcc/aarch64-none-elf/12.1.0/../../../../aarch64-none-elf/lib/pic\libg.a(lib_a-fclose.o)
                0x0000000000020090                _fclose_r
 .text.rshift   0x00000000000201e0      0x118 c:/devkitpro/devkita64/bin/../lib/gcc/aarch64-none-elf/12.1.0/../../../../aarch64-none-elf/lib/pic\libg.a(lib_a-gdtoa-gethex.o)
 *fill*         0x00000000000202f8        0x8 
 .text.__gethex
                0x0000000000020300      0x838 c:/devkitpro/devkita64/bin/../lib/gcc/aarch64-none-elf/12.1.0/../../../../aarch64-none-elf/lib/pic\libg.a(lib_a-gdtoa-gethex.o)
                0x0000000000020300                __gethex
 *fill*         0x0000000000020b38        0x8 
 .text.__match  0x0000000000020b40       0x48 c:/devkitpro/devkita64/bin/../lib/gcc/aarch64-none-elf/12.1.0/../../../../aarch64-none-elf/lib/pic\libg.a(lib_a-gdtoa-hexnan.o)
                0x0000000000020b40                __match
 *fill*         0x0000000000020b88        0x8 
 .text.__hexnan
                0x0000000000020b90      0x258 c:/devkitpro/devkita64/bin/../lib/gcc/aarch64-none-elf/12.1.0/../../../../aarch64-none-elf/lib/pic\libg.a(lib_a-gdtoa-hexnan.o)
                0x0000000000020b90                __hexnan
 *fill*         0x0000000000020de8        0x8 
 .text.iswspace_l
                0x0000000000020df0       0x48 c:/devkitpro/devkita64/bin/../lib/gcc/aarch64-none-elf/12.1.0/../../../../aarch64-none-elf/lib/pic\libg.a(lib_a-iswspace_l.o)